[21:35:11,336][INFO][6196][TL_mon.py:190] ==============CONFIG DATA======================
[21:35:11,336][INFO][6196][TL_mon.py:191] pancake_factory_addr= 0xcA143Ce32Fe78f1f7019d7d551a6402fC5350c73
[21:35:11,336][INFO][6196][TL_mon.py:192] pancake_router_addr= 0x10ED43C718714eb63d5aA57B78B54704E256024E
[21:35:11,336][INFO][6196][TL_mon.py:193] sound_alamp= True
[21:35:11,336][INFO][6196][TL_mon.py:194] msg_notifi= True
[21:35:11,336][INFO][6196][TL_mon.py:195] notifi_delay= 1.0
[21:35:11,336][INFO][6196][TL_mon.py:196] get_price_delay= 0.5
[21:35:11,336][INFO][6196][TL_mon.py:197] ==============END CONFIG DATA======================
[21:35:16,412][INFO][6196][TL_mon.py:112] Sound Alert
[21:35:16,728][INFO][6196][TL_mon.py:95] Connected to BSC
[21:35:16,729][INFO][16616][TL_mon.py:303] ==========================checking APE TL
[21:35:16,729][INFO][1384][TL_mon.py:351] ==========================checking BI TL
[21:35:16,911][INFO][16616][TL_mon.py:334] getting all txs from block 10595017
[21:35:17,161][INFO][1384][TL_mon.py:387] getting all txs from block 10595017
[21:35:17,589][INFO][6196][TL_mon.py:127] Message Notification:Bot Monitor started
[21:36:17,774][ERROR][1384][TL_mon.py:399] error
Traceback (most recent call last):
  File "C:\Users\nqhoa\AppData\Local\Programs\Python\Python39\lib\site-packages\urllib3\connectionpool.py", line 699, in urlopen
    httplib_response = self._make_request(
  File "C:\Users\nqhoa\AppData\Local\Programs\Python\Python39\lib\site-packages\urllib3\connectionpool.py", line 382, in _make_request
    self._validate_conn(conn)
  File "C:\Users\nqhoa\AppData\Local\Programs\Python\Python39\lib\site-packages\urllib3\connectionpool.py", line 1010, in _validate_conn
    conn.connect()
  File "C:\Users\nqhoa\AppData\Local\Programs\Python\Python39\lib\site-packages\urllib3\connection.py", line 411, in connect
    self.sock = ssl_wrap_socket(
  File "C:\Users\nqhoa\AppData\Local\Programs\Python\Python39\lib\site-packages\urllib3\util\ssl_.py", line 449, in ssl_wrap_socket
    ssl_sock = _ssl_wrap_socket_impl(
  File "C:\Users\nqhoa\AppData\Local\Programs\Python\Python39\lib\site-packages\urllib3\util\ssl_.py", line 493, in _ssl_wrap_socket_impl
    return ssl_context.wrap_socket(sock, server_hostname=server_hostname)
  File "C:\Users\nqhoa\AppData\Local\Programs\Python\Python39\lib\ssl.py", line 500, in wrap_socket
    return self.sslsocket_class._create(
  File "C:\Users\nqhoa\AppData\Local\Programs\Python\Python39\lib\ssl.py", line 1040, in _create
    self.do_handshake()
  File "C:\Users\nqhoa\AppData\Local\Programs\Python\Python39\lib\ssl.py", line 1309, in do_handshake
    self._sslobj.do_handshake()
ssl.SSLEOFError: EOF occurred in violation of protocol (_ssl.c:1129)

During handling of the above exception, another exception occurred:

Traceback (most recent call last):
  File "C:\Users\nqhoa\AppData\Local\Programs\Python\Python39\lib\site-packages\requests\adapters.py", line 439, in send
    resp = conn.urlopen(
  File "C:\Users\nqhoa\AppData\Local\Programs\Python\Python39\lib\site-packages\urllib3\connectionpool.py", line 755, in urlopen
    retries = retries.increment(
  File "C:\Users\nqhoa\AppData\Local\Programs\Python\Python39\lib\site-packages\urllib3\util\retry.py", line 574, in increment
    raise MaxRetryError(_pool, url, error or ResponseError(cause))
urllib3.exceptions.MaxRetryError: HTTPSConnectionPool(host='api.bscscan.com', port=443): Max retries exceeded with url: /api?module=account&action=txlist&address=0xf5D6fed0f4735Ff2036cE4be535bD32e77dAE9fe&startblock=10595017&endblock=99999999&sort=asc&apikey=KVSYTVNS7ZCISVCCZQDU4G1F3436XA3HMW (Caused by SSLError(SSLEOFError(8, 'EOF occurred in violation of protocol (_ssl.c:1129)')))

During handling of the above exception, another exception occurred:

Traceback (most recent call last):
  File "C:\_prj\dex_bot\TL_mon.py", line 389, in biTL
    txs = getAllTxs(biTLaddr, startBlk)
  File "C:\_prj\dex_bot\TL_mon.py", line 276, in getAllTxs
    r = requests.get(url = baseUrl, params = PARAMS)
  File "C:\Users\nqhoa\AppData\Local\Programs\Python\Python39\lib\site-packages\requests\api.py", line 75, in get
    return request('get', url, params=params, **kwargs)
  File "C:\Users\nqhoa\AppData\Local\Programs\Python\Python39\lib\site-packages\requests\api.py", line 61, in request
    return session.request(method=method, url=url, **kwargs)
  File "C:\Users\nqhoa\AppData\Local\Programs\Python\Python39\lib\site-packages\requests\sessions.py", line 542, in request
    resp = self.send(prep, **send_kwargs)
  File "C:\Users\nqhoa\AppData\Local\Programs\Python\Python39\lib\site-packages\requests\sessions.py", line 655, in send
    r = adapter.send(request, **kwargs)
  File "C:\Users\nqhoa\AppData\Local\Programs\Python\Python39\lib\site-packages\requests\adapters.py", line 514, in send
    raise SSLError(e, request=request)
requests.exceptions.SSLError: HTTPSConnectionPool(host='api.bscscan.com', port=443): Max retries exceeded with url: /api?module=account&action=txlist&address=0xf5D6fed0f4735Ff2036cE4be535bD32e77dAE9fe&startblock=10595017&endblock=99999999&sort=asc&apikey=KVSYTVNS7ZCISVCCZQDU4G1F3436XA3HMW (Caused by SSLError(SSLEOFError(8, 'EOF occurred in violation of protocol (_ssl.c:1129)')))
[21:36:20,020][INFO][16616][TL_mon.py:334] getting all txs from block 10595017
[21:37:23,117][INFO][16616][TL_mon.py:334] getting all txs from block 10595017
[21:38:27,562][INFO][16616][TL_mon.py:334] getting all txs from block 10595017
