[17:14:50,433][INFO][10884][auction.py:194] ==============CONFIG DATA======================
[17:14:50,433][INFO][10884][auction.py:195] pancake_factory_addr= 0xcA143Ce32Fe78f1f7019d7d551a6402fC5350c73
[17:14:50,433][INFO][10884][auction.py:196] pancake_router_addr= 0x10ED43C718714eb63d5aA57B78B54704E256024E
[17:14:50,434][INFO][10884][auction.py:197] sound_alamp= True
[17:14:50,434][INFO][10884][auction.py:198] msg_notifi= True
[17:14:50,434][INFO][10884][auction.py:199] notifi_delay= 1.0
[17:14:50,434][INFO][10884][auction.py:200] get_price_delay= 2.0
[17:14:50,434][INFO][10884][auction.py:201] ==============END CONFIG DATA======================
[17:14:50,751][INFO][10884][auction.py:95] Connected to BSC
[17:14:50,752][INFO][13652][auction.py:383] =====================monitorAuc
[17:14:55,325][INFO][13652][auction.py:368] {'blockNumber': '11103793', 'timeStamp': '1632215584', 'hash': '0x2e5b7299305280be597c9d970736992a8285b6b2ce82ca5a5ea6c2998ed2dd65', 'nonce': '560', 'blockHash': '0x3cd04608971b15ba66f43ce551d3d67f5f596a96c5054827ea0226095acd3e7d', 'from': '0xfad3b5feac1aaf86b3f66d105f2fa9607164d86b', 'contractAddress': '0x0e09fabb73bd3ade0a17ecc321fd13a19e81ce82', 'to': '0xb92ab7c1edcb273aba24b0656ceb3681654805d2', 'value': '1000000000000000000000', 'tokenName': 'PancakeSwap Token', 'tokenSymbol': 'Cake', 'tokenDecimal': '18', 'transactionIndex': '147', 'gas': '181596', 'gasPrice': '5000000000', 'gasUsed': '175904', 'cumulativeGasUsed': '16050491', 'input': 'deprecated', 'confirmations': '401323'}
[17:14:55,325][INFO][13652][auction.py:371] ----------------- 0xb92ab7c1edcb273aba24b0656ceb3681654805d2 ---Cake
[17:14:55,325][INFO][13652][auction.py:375] ----------------- 0xfad3b5feac1aaf86b3f66d105f2fa9607164d86b ---Cake -- cake 1000.000000
[17:14:55,325][INFO][13652][auction.py:368] {'blockNumber': '11104061', 'timeStamp': '1632216388', 'hash': '0xc4fece52e7afe353ca6c73c462c3813240b25f37b91d31e9f79761b2fbe4764b', 'nonce': '1', 'blockHash': '0x2f0244c67f254d933c37d2c2786ef84c3f09d43f9765fd0299a64cdc5c4eff34', 'from': '0xda6e741a7f7d4d88d4210340069348704fdf21bf', 'contractAddress': '0x0e09fabb73bd3ade0a17ecc321fd13a19e81ce82', 'to': '0xb92ab7c1edcb273aba24b0656ceb3681654805d2', 'value': '1000000000000000000000', 'tokenName': 'PancakeSwap Token', 'tokenSymbol': 'Cake', 'tokenDecimal': '18', 'transactionIndex': '90', 'gas': '181596', 'gasPrice': '5000000000', 'gasUsed': '175904', 'cumulativeGasUsed': '12058067', 'input': 'deprecated', 'confirmations': '401055'}
[17:14:55,325][INFO][13652][auction.py:371] ----------------- 0xb92ab7c1edcb273aba24b0656ceb3681654805d2 ---Cake
[17:14:55,325][INFO][13652][auction.py:375] ----------------- 0xda6e741a7f7d4d88d4210340069348704fdf21bf ---Cake -- cake 1000.000000
[17:14:55,325][INFO][13652][auction.py:368] {'blockNumber': '11104215', 'timeStamp': '1632216850', 'hash': '0xecdc3a80bc1e041138ac6ba5e091866644d72fa00443b9d6cd6564e73f90b531', 'nonce': '8', 'blockHash': '0x484ddf0c91417a6e99f545f7955c0aef37f4788b05a06aaac1360ab44d210356', 'from': '0x3992d7d9ed721257d8bd7501d280b857ed7f9c24', 'contractAddress': '0x0e09fabb73bd3ade0a17ecc321fd13a19e81ce82', 'to': '0xb92ab7c1edcb273aba24b0656ceb3681654805d2', 'value': '3000000000000000000000', 'tokenName': 'PancakeSwap Token', 'tokenSymbol': 'Cake', 'tokenDecimal': '18', 'transactionIndex': '152', 'gas': '166596', 'gasPrice': '5000000000', 'gasUsed': '160904', 'cumulativeGasUsed': '18279800', 'input': 'deprecated', 'confirmations': '400901'}
[17:14:55,325][INFO][13652][auction.py:371] ----------------- 0xb92ab7c1edcb273aba24b0656ceb3681654805d2 ---Cake
[17:14:55,325][INFO][13652][auction.py:375] ----------------- 0x3992d7d9ed721257d8bd7501d280b857ed7f9c24 ---Cake -- cake 3000.000000
[17:14:55,325][INFO][13652][auction.py:368] {'blockNumber': '11104352', 'timeStamp': '1632217261', 'hash': '0x057939c0d65a91405bac7fd88b5b3424d920501e30e6faaa2136dbef21707a85', 'nonce': '109', 'blockHash': '0xa838c4823ce250c04d78cc7260ccd076e458ab9418e9e9230a9aa54a027e2e82', 'from': '0x8ac06b55c9812e3e574cf5a5f3b49619df33099c', 'contractAddress': '0x0e09fabb73bd3ade0a17ecc321fd13a19e81ce82', 'to': '0xb92ab7c1edcb273aba24b0656ceb3681654805d2', 'value': '2140000000000000000000', 'tokenName': 'PancakeSwap Token', 'tokenSymbol': 'Cake', 'tokenDecimal': '18', 'transactionIndex': '92', 'gas': '166596', 'gasPrice': '5000000000', 'gasUsed': '160904', 'cumulativeGasUsed': '12084828', 'input': 'deprecated', 'confirmations': '400764'}
[17:14:55,325][INFO][13652][auction.py:371] ----------------- 0xb92ab7c1edcb273aba24b0656ceb3681654805d2 ---Cake
[17:14:55,325][INFO][13652][auction.py:375] ----------------- 0x8ac06b55c9812e3e574cf5a5f3b49619df33099c ---Cake -- cake 2140.000000
[17:14:55,325][INFO][13652][auction.py:368] {'blockNumber': '11105730', 'timeStamp': '1632221396', 'hash': '0x88a4619c52f955a194000dd2c9490e6e2243979075de3fd7ed40bbd13c53b63e', 'nonce': '526', 'blockHash': '0x5f6beac7cbc19695b8281aeb1d8b91c7d9e54aea954ee6f0dd01f589f0bd179a', 'from': '0x22d56946c6cc1d4ed09f02858ddb990fcc981c55', 'contractAddress': '0x0e09fabb73bd3ade0a17ecc321fd13a19e81ce82', 'to': '0xb92ab7c1edcb273aba24b0656ceb3681654805d2', 'value': '3100000000000000000000', 'tokenName': 'PancakeSwap Token', 'tokenSymbol': 'Cake', 'tokenDecimal': '18', 'transactionIndex': '75', 'gas': '166596', 'gasPrice': '5000000000', 'gasUsed': '145904', 'cumulativeGasUsed': '8442265', 'input': 'deprecated', 'confirmations': '399386'}
[17:14:55,325][INFO][13652][auction.py:371] ----------------- 0xb92ab7c1edcb273aba24b0656ceb3681654805d2 ---Cake
[17:14:55,325][INFO][13652][auction.py:375] ----------------- 0x22d56946c6cc1d4ed09f02858ddb990fcc981c55 ---Cake -- cake 3100.000000
[17:14:55,325][INFO][13652][auction.py:368] {'blockNumber': '11107501', 'timeStamp': '1632226709', 'hash': '0x3ead07c74e9cee3df315855a143b7bff8bf6d65d84813e11a665c0e8e3f7eaa1', 'nonce': '23', 'blockHash': '0xe6616bc782ebab19299d5a80b822242e8aab406829e125473e1f8ae47564a678', 'from': '0x5ed6b80f0e8b1c7fdb783202d4a926bbed2d49ee', 'contractAddress': '0x0e09fabb73bd3ade0a17ecc321fd13a19e81ce82', 'to': '0xb92ab7c1edcb273aba24b0656ceb3681654805d2', 'value': '2300000000000000000000', 'tokenName': 'PancakeSwap Token', 'tokenSymbol': 'Cake', 'tokenDecimal': '18', 'transactionIndex': '137', 'gas': '166596', 'gasPrice': '5000000000', 'gasUsed': '160904', 'cumulativeGasUsed': '11606077', 'input': 'deprecated', 'confirmations': '397615'}
[17:14:55,325][INFO][13652][auction.py:371] ----------------- 0xb92ab7c1edcb273aba24b0656ceb3681654805d2 ---Cake
[17:14:55,325][INFO][13652][auction.py:375] ----------------- 0x5ed6b80f0e8b1c7fdb783202d4a926bbed2d49ee ---Cake -- cake 2300.000000
[17:14:55,325][INFO][13652][auction.py:368] {'blockNumber': '11110311', 'timeStamp': '1632235143', 'hash': '0x72b1cf1945692faa5f6c35292fcbfc25118c7f1fd9953ab63d1a91592f2b7b58', 'nonce': '561', 'blockHash': '0x28e14ec8a5b27d8e27ed71f0baa4ecd5cb859f36c82034c5f20616a61dddd2a0', 'from': '0xfad3b5feac1aaf86b3f66d105f2fa9607164d86b', 'contractAddress': '0x0e09fabb73bd3ade0a17ecc321fd13a19e81ce82', 'to': '0xb92ab7c1edcb273aba24b0656ceb3681654805d2', 'value': '240000000000000000000', 'tokenName': 'PancakeSwap Token', 'tokenSymbol': 'Cake', 'tokenDecimal': '18', 'transactionIndex': '299', 'gas': '74495', 'gasPrice': '5000000000', 'gasUsed': '68803', 'cumulativeGasUsed': '42299317', 'input': 'deprecated', 'confirmations': '394805'}
[17:14:55,325][INFO][13652][auction.py:371] ----------------- 0xb92ab7c1edcb273aba24b0656ceb3681654805d2 ---Cake
[17:14:55,325][INFO][13652][auction.py:375] ----------------- 0xfad3b5feac1aaf86b3f66d105f2fa9607164d86b ---Cake -- cake 240.000000
[17:14:55,326][INFO][13652][auction.py:368] {'blockNumber': '11110558', 'timeStamp': '1632235884', 'hash': '0x8db39ab03613482c94062142c94b4e81b9482bd6b402d70e4bec53b722499921', 'nonce': '1857', 'blockHash': '0x33c19fd1ae89bd789d644478b702f1064ae98b06b19c79185ae37900cde0bad4', 'from': '0xcccc0b22799e82a79007814dbc6a194410dccea5', 'contractAddress': '0x0e09fabb73bd3ade0a17ecc321fd13a19e81ce82', 'to': '0xb92ab7c1edcb273aba24b0656ceb3681654805d2', 'value': '4000000000000000000000', 'tokenName': 'PancakeSwap Token', 'tokenSymbol': 'Cake', 'tokenDecimal': '18', 'transactionIndex': '170', 'gas': '166596', 'gasPrice': '5000000000', 'gasUsed': '160904', 'cumulativeGasUsed': '21375610', 'input': 'deprecated', 'confirmations': '394558'}
[17:14:55,326][INFO][13652][auction.py:371] ----------------- 0xb92ab7c1edcb273aba24b0656ceb3681654805d2 ---Cake
[17:14:55,326][INFO][13652][auction.py:375] ----------------- 0xcccc0b22799e82a79007814dbc6a194410dccea5 ---Cake -- cake 4000.000000
[17:14:55,326][INFO][13652][auction.py:368] {'blockNumber': '11110569', 'timeStamp': '1632235917', 'hash': '0xe813e09053c8e3358e9103853e7433fa9372bf3c3dc6d26ad142022e97a8fae6', 'nonce': '934', 'blockHash': '0xb86f4a91d895c08b4b63db3c7fb4472d1b336ae97edfb9ae64ff6a0e22d79c8c', 'from': '0x71ee6de14c90700ee06c81aabdbacd684cfe30fe', 'contractAddress': '0x0e09fabb73bd3ade0a17ecc321fd13a19e81ce82', 'to': '0xb92ab7c1edcb273aba24b0656ceb3681654805d2', 'value': '5000000000000000000000', 'tokenName': 'PancakeSwap Token', 'tokenSymbol': 'Cake', 'tokenDecimal': '18', 'transactionIndex': '163', 'gas': '181608', 'gasPrice': '5000000000', 'gasUsed': '175916', 'cumulativeGasUsed': '22111341', 'input': 'deprecated', 'confirmations': '394547'}
[17:14:55,326][INFO][13652][auction.py:371] ----------------- 0xb92ab7c1edcb273aba24b0656ceb3681654805d2 ---Cake
[17:14:55,326][INFO][13652][auction.py:375] ----------------- 0x71ee6de14c90700ee06c81aabdbacd684cfe30fe ---Cake -- cake 5000.000000
[17:14:55,326][INFO][13652][auction.py:368] {'blockNumber': '11110591', 'timeStamp': '1632235983', 'hash': '0x200cc06309f5d93eed1825d85ffd6fccc089d8a621f8a54887d59e21c1783bd1', 'nonce': '1858', 'blockHash': '0x0929a2ff0bff46c1e62f6ec2a0c6f99c80b5ca1225d83909e837dc08be0799de', 'from': '0xcccc0b22799e82a79007814dbc6a194410dccea5', 'contractAddress': '0x0e09fabb73bd3ade0a17ecc321fd13a19e81ce82', 'to': '0xb92ab7c1edcb273aba24b0656ceb3681654805d2', 'value': '1100000000000000000000', 'tokenName': 'PancakeSwap Token', 'tokenSymbol': 'Cake', 'tokenDecimal': '18', 'transactionIndex': '112', 'gas': '74495', 'gasPrice': '5000000000', 'gasUsed': '68803', 'cumulativeGasUsed': '14984190', 'input': 'deprecated', 'confirmations': '394525'}
[17:14:55,326][INFO][13652][auction.py:371] ----------------- 0xb92ab7c1edcb273aba24b0656ceb3681654805d2 ---Cake
[17:14:55,326][INFO][13652][auction.py:375] ----------------- 0xcccc0b22799e82a79007814dbc6a194410dccea5 ---Cake -- cake 1100.000000
[17:14:55,326][INFO][13652][auction.py:368] {'blockNumber': '11110600', 'timeStamp': '1632236010', 'hash': '0xd37bf542cc2a86a2c0ef82ca4d38e90c20a4d6807b4149b4c08eabc2ac3baf37', 'nonce': '935', 'blockHash': '0xab012a5a86374f7d9bffc37dc9b8d74deb1f86db37105f66b61d9367b83561e4', 'from': '0x71ee6de14c90700ee06c81aabdbacd684cfe30fe', 'contractAddress': '0x0e09fabb73bd3ade0a17ecc321fd13a19e81ce82', 'to': '0xb92ab7c1edcb273aba24b0656ceb3681654805d2', 'value': '1500000000000000000000', 'tokenName': 'PancakeSwap Token', 'tokenSymbol': 'Cake', 'tokenDecimal': '18', 'transactionIndex': '143', 'gas': '74495', 'gasPrice': '5000000000', 'gasUsed': '68803', 'cumulativeGasUsed': '19084408', 'input': 'deprecated', 'confirmations': '394516'}
[17:14:55,326][INFO][13652][auction.py:371] ----------------- 0xb92ab7c1edcb273aba24b0656ceb3681654805d2 ---Cake
[17:14:55,326][INFO][13652][auction.py:375] ----------------- 0x71ee6de14c90700ee06c81aabdbacd684cfe30fe ---Cake -- cake 1500.000000
[17:14:55,326][INFO][13652][auction.py:368] {'blockNumber': '11110602', 'timeStamp': '1632236016', 'hash': '0xa2d7baa2b78ee33650f1d71bf63f88b89c796041fdd40f409048be40b975a25c', 'nonce': '2', 'blockHash': '0x9ad1e410363f979729491cbd5aae1ad1b09f225c071e806b2c22d8e679ddeaa9', 'from': '0xda6e741a7f7d4d88d4210340069348704fdf21bf', 'contractAddress': '0x0e09fabb73bd3ade0a17ecc321fd13a19e81ce82', 'to': '0xb92ab7c1edcb273aba24b0656ceb3681654805d2', 'value': '4500000000000000000000', 'tokenName': 'PancakeSwap Token', 'tokenSymbol': 'Cake', 'tokenDecimal': '18', 'transactionIndex': '226', 'gas': '74495', 'gasPrice': '5000000000', 'gasUsed': '68803', 'cumulativeGasUsed': '30046793', 'input': 'deprecated', 'confirmations': '394514'}
[17:14:55,326][INFO][13652][auction.py:371] ----------------- 0xb92ab7c1edcb273aba24b0656ceb3681654805d2 ---Cake
[17:14:55,326][INFO][13652][auction.py:375] ----------------- 0xda6e741a7f7d4d88d4210340069348704fdf21bf ---Cake -- cake 4500.000000
[17:14:55,326][INFO][13652][auction.py:368] {'blockNumber': '11110630', 'timeStamp': '1632236100', 'hash': '0x148359198a979ef7313d494c987e2288f082a51616bc3b4a7ba1a71524e4db37', 'nonce': '1859', 'blockHash': '0xf2e323eaeed5fa5ca0105060633ae817dbedb9db62b034e68aac79f8fe0ccce1', 'from': '0xcccc0b22799e82a79007814dbc6a194410dccea5', 'contractAddress': '0x0e09fabb73bd3ade0a17ecc321fd13a19e81ce82', 'to': '0xb92ab7c1edcb273aba24b0656ceb3681654805d2', 'value': '2500000000000000000000', 'tokenName': 'PancakeSwap Token', 'tokenSymbol': 'Cake', 'tokenDecimal': '18', 'transactionIndex': '153', 'gas': '74495', 'gasPrice': '5000000000', 'gasUsed': '68803', 'cumulativeGasUsed': '14547204', 'input': 'deprecated', 'confirmations': '394486'}
[17:14:55,326][INFO][13652][auction.py:371] ----------------- 0xb92ab7c1edcb273aba24b0656ceb3681654805d2 ---Cake
[17:14:55,326][INFO][13652][auction.py:375] ----------------- 0xcccc0b22799e82a79007814dbc6a194410dccea5 ---Cake -- cake 2500.000000
[17:14:55,326][INFO][13652][auction.py:368] {'blockNumber': '11110638', 'timeStamp': '1632236124', 'hash': '0x4e496e8cfe0006a81fb13d8ffb6fdd65a0550491a91a4aad2ea967c9b8e5972f', 'nonce': '3', 'blockHash': '0x14391804eea59957d05c9f2bd184bedbd873bb0d6aaf8274f3d675c9505f4cb0', 'from': '0xda6e741a7f7d4d88d4210340069348704fdf21bf', 'contractAddress': '0x0e09fabb73bd3ade0a17ecc321fd13a19e81ce82', 'to': '0xb92ab7c1edcb273aba24b0656ceb3681654805d2', 'value': '5760000000000000000000', 'tokenName': 'PancakeSwap Token', 'tokenSymbol': 'Cake', 'tokenDecimal': '18', 'transactionIndex': '157', 'gas': '74495', 'gasPrice': '5000000000', 'gasUsed': '68803', 'cumulativeGasUsed': '19734865', 'input': 'deprecated', 'confirmations': '394478'}
[17:14:55,326][INFO][13652][auction.py:371] ----------------- 0xb92ab7c1edcb273aba24b0656ceb3681654805d2 ---Cake
[17:14:55,326][INFO][13652][auction.py:375] ----------------- 0xda6e741a7f7d4d88d4210340069348704fdf21bf ---Cake -- cake 5760.000000
[17:14:55,326][INFO][13652][auction.py:368] {'blockNumber': '11110642', 'timeStamp': '1632236136', 'hash': '0xcac18ec1230e6fec4122f12165a62e7086505ff58419a3bbd0db184783774989', 'nonce': '936', 'blockHash': '0xc1edd5c3f30f71b06db4f8ffee4043cd1ea261df258f1118953e086192808c32', 'from': '0x71ee6de14c90700ee06c81aabdbacd684cfe30fe', 'contractAddress': '0x0e09fabb73bd3ade0a17ecc321fd13a19e81ce82', 'to': '0xb92ab7c1edcb273aba24b0656ceb3681654805d2', 'value': '2500000000000000000000', 'tokenName': 'PancakeSwap Token', 'tokenSymbol': 'Cake', 'tokenDecimal': '18', 'transactionIndex': '319', 'gas': '74495', 'gasPrice': '5000000000', 'gasUsed': '68803', 'cumulativeGasUsed': '43622628', 'input': 'deprecated', 'confirmations': '394474'}
[17:14:55,326][INFO][13652][auction.py:371] ----------------- 0xb92ab7c1edcb273aba24b0656ceb3681654805d2 ---Cake
[17:14:55,326][INFO][13652][auction.py:375] ----------------- 0x71ee6de14c90700ee06c81aabdbacd684cfe30fe ---Cake -- cake 2500.000000
[17:14:55,326][INFO][13652][auction.py:368] {'blockNumber': '11110644', 'timeStamp': '1632236142', 'hash': '0xb42a87f90e1d7a0ff30da0d7fd8c3acacbaa59d42304e59b764b679aecc5ac77', 'nonce': '24', 'blockHash': '0x3115abf542873adbae87ce7212db0b2d7442190963910728dbccd41053275097', 'from': '0x5ed6b80f0e8b1c7fdb783202d4a926bbed2d49ee', 'contractAddress': '0x0e09fabb73bd3ade0a17ecc321fd13a19e81ce82', 'to': '0xb92ab7c1edcb273aba24b0656ceb3681654805d2', 'value': '1000000000000000000000', 'tokenName': 'PancakeSwap Token', 'tokenSymbol': 'Cake', 'tokenDecimal': '18', 'transactionIndex': '179', 'gas': '74495', 'gasPrice': '5000000000', 'gasUsed': '68803', 'cumulativeGasUsed': '25491069', 'input': 'deprecated', 'confirmations': '394472'}
[17:14:55,326][INFO][13652][auction.py:371] ----------------- 0xb92ab7c1edcb273aba24b0656ceb3681654805d2 ---Cake
[17:14:55,326][INFO][13652][auction.py:375] ----------------- 0x5ed6b80f0e8b1c7fdb783202d4a926bbed2d49ee ---Cake -- cake 1000.000000
[17:14:55,326][INFO][13652][auction.py:368] {'blockNumber': '11110654', 'timeStamp': '1632236172', 'hash': '0x523c2af3de91b42e44b04d8fbd4c39f68183a503fa28f96f3b060cf39fb185f5', 'nonce': '1860', 'blockHash': '0x965f384dfb8045cdbfd572d653f534f701d13ea5406a98d958eb4008d5947541', 'from': '0xcccc0b22799e82a79007814dbc6a194410dccea5', 'contractAddress': '0x0e09fabb73bd3ade0a17ecc321fd13a19e81ce82', 'to': '0xb92ab7c1edcb273aba24b0656ceb3681654805d2', 'value': '4500000000000000000000', 'tokenName': 'PancakeSwap Token', 'tokenSymbol': 'Cake', 'tokenDecimal': '18', 'transactionIndex': '225', 'gas': '74495', 'gasPrice': '5000000000', 'gasUsed': '68803', 'cumulativeGasUsed': '29737998', 'input': 'deprecated', 'confirmations': '394462'}
[17:14:55,327][INFO][13652][auction.py:371] ----------------- 0xb92ab7c1edcb273aba24b0656ceb3681654805d2 ---Cake
[17:14:55,327][INFO][13652][auction.py:375] ----------------- 0xcccc0b22799e82a79007814dbc6a194410dccea5 ---Cake -- cake 4500.000000
[17:14:55,327][INFO][13652][auction.py:368] {'blockNumber': '11110682', 'timeStamp': '1632236256', 'hash': '0x1e446ea901630c02bbc3cd394db7fe3f254a0cda3c83fc4043f954babdd45153', 'nonce': '937', 'blockHash': '0xfb332585257705431ccc9892c2e86a4e719aaecf3e3f23bb64e79347a3a83e6d', 'from': '0x71ee6de14c90700ee06c81aabdbacd684cfe30fe', 'contractAddress': '0x0e09fabb73bd3ade0a17ecc321fd13a19e81ce82', 'to': '0xb92ab7c1edcb273aba24b0656ceb3681654805d2', 'value': '3500000000000000000000', 'tokenName': 'PancakeSwap Token', 'tokenSymbol': 'Cake', 'tokenDecimal': '18', 'transactionIndex': '299', 'gas': '74495', 'gasPrice': '5000000000', 'gasUsed': '68803', 'cumulativeGasUsed': '28428702', 'input': 'deprecated', 'confirmations': '394434'}
[17:14:55,327][INFO][13652][auction.py:371] ----------------- 0xb92ab7c1edcb273aba24b0656ceb3681654805d2 ---Cake
[17:14:55,327][INFO][13652][auction.py:375] ----------------- 0x71ee6de14c90700ee06c81aabdbacd684cfe30fe ---Cake -- cake 3500.000000
[17:14:55,327][INFO][13652][auction.py:368] {'blockNumber': '11110704', 'timeStamp': '1632236323', 'hash': '0x1f21d7baab4cc07586db26a08cdf04904fbe14e4b16a8626e6dae293dfe4e615', 'nonce': '1861', 'blockHash': '0xb7ca15a63723410807de38d74c2452ac532923329877d1d7a744897cedc11103', 'from': '0xcccc0b22799e82a79007814dbc6a194410dccea5', 'contractAddress': '0x0e09fabb73bd3ade0a17ecc321fd13a19e81ce82', 'to': '0xb92ab7c1edcb273aba24b0656ceb3681654805d2', 'value': '1100000000000000000000', 'tokenName': 'PancakeSwap Token', 'tokenSymbol': 'Cake', 'tokenDecimal': '18', 'transactionIndex': '153', 'gas': '74495', 'gasPrice': '5000000000', 'gasUsed': '68803', 'cumulativeGasUsed': '21108544', 'input': 'deprecated', 'confirmations': '394412'}
[17:14:55,327][INFO][13652][auction.py:371] ----------------- 0xb92ab7c1edcb273aba24b0656ceb3681654805d2 ---Cake
[17:14:55,327][INFO][13652][auction.py:375] ----------------- 0xcccc0b22799e82a79007814dbc6a194410dccea5 ---Cake -- cake 1100.000000
[17:14:55,327][INFO][13652][auction.py:368] {'blockNumber': '11110717', 'timeStamp': '1632236362', 'hash': '0xd2e5534d2053c076c817973778e2d943a57ac947a5e8454e43f7117339384911', 'nonce': '938', 'blockHash': '0x63d8de065b6a3b45dc4ba4aeb624697c8956ddbf9326f826a08085e5743dd5ce', 'from': '0x71ee6de14c90700ee06c81aabdbacd684cfe30fe', 'contractAddress': '0x0e09fabb73bd3ade0a17ecc321fd13a19e81ce82', 'to': '0xb92ab7c1edcb273aba24b0656ceb3681654805d2', 'value': '340000000000000000000', 'tokenName': 'PancakeSwap Token', 'tokenSymbol': 'Cake', 'tokenDecimal': '18', 'transactionIndex': '154', 'gas': '74495', 'gasPrice': '5000000000', 'gasUsed': '68803', 'cumulativeGasUsed': '17007582', 'input': 'deprecated', 'confirmations': '394399'}
[17:14:55,327][INFO][13652][auction.py:371] ----------------- 0xb92ab7c1edcb273aba24b0656ceb3681654805d2 ---Cake
[17:14:55,327][INFO][13652][auction.py:375] ----------------- 0x71ee6de14c90700ee06c81aabdbacd684cfe30fe ---Cake -- cake 340.000000
[17:14:55,327][INFO][13652][auction.py:368] {'blockNumber': '11110728', 'timeStamp': '1632236395', 'hash': '0x6d100dc8075ce0f1f533e5600c6be712e0dc656ee9788310db1a631016a132d0', 'nonce': '658', 'blockHash': '0x3c8ed1d014e2bc93316406536bbf2e3f04a66622e6b8582d93c0212fb8d8b164', 'from': '0x88f0a6cb89909838d69e4e6e76ec21e2a7bdca66', 'contractAddress': '0x0e09fabb73bd3ade0a17ecc321fd13a19e81ce82', 'to': '0xb92ab7c1edcb273aba24b0656ceb3681654805d2', 'value': '7460000000000000000000', 'tokenName': 'PancakeSwap Token', 'tokenSymbol': 'Cake', 'tokenDecimal': '18', 'transactionIndex': '82', 'gas': '166608', 'gasPrice': '5000000000', 'gasUsed': '160916', 'cumulativeGasUsed': '7955712', 'input': 'deprecated', 'confirmations': '394388'}
[17:14:55,327][INFO][13652][auction.py:371] ----------------- 0xb92ab7c1edcb273aba24b0656ceb3681654805d2 ---Cake
[17:14:55,327][INFO][13652][auction.py:375] ----------------- 0x88f0a6cb89909838d69e4e6e76ec21e2a7bdca66 ---Cake -- cake 7460.000000
