[21:15:24,175][INFO][11980][auction.py:194] ==============CONFIG DATA======================
[21:15:24,175][INFO][11980][auction.py:195] pancake_factory_addr= 0xcA143Ce32Fe78f1f7019d7d551a6402fC5350c73
[21:15:24,175][INFO][11980][auction.py:196] pancake_router_addr= 0x10ED43C718714eb63d5aA57B78B54704E256024E
[21:15:24,175][INFO][11980][auction.py:197] sound_alamp= True
[21:15:24,176][INFO][11980][auction.py:198] msg_notifi= True
[21:15:24,176][INFO][11980][auction.py:199] notifi_delay= 1.0
[21:15:24,176][INFO][11980][auction.py:200] get_price_delay= 0.5
[21:15:24,176][INFO][11980][auction.py:201] ==============END CONFIG DATA======================
[21:15:29,269][INFO][11980][auction.py:115] Sound Alert
[21:15:29,604][INFO][11980][auction.py:95] Connected to BSC
[21:15:29,606][INFO][256][auction.py:367] =====================monitorAuc
[21:15:30,833][INFO][11980][auction.py:131] Message Notification:Auction Monitor started
[21:18:41,065][INFO][256][auction.py:419] {'blockNumber': '10703164', 'timeStamp': '1631005959', 'hash': '0x2c47a0b312a42aef6b2aab02ef728de69c6b4087d04e0f9cde0d2f06af672f74', 'nonce': '151', 'blockHash': '0x3e3fa383c0fa96831def86a43ecb8a9293bc2031a806a9081cf76052129aa9d9', 'from': '0xae126b90d2835c5a2d720b0687ec59f59b768183', 'to': '0xb92ab7c1edcb273aba24b0656ceb3681654805d2', 'contractAddress': '0x0e09fabb73bd3ade0a17ecc321fd13a19e81ce82', 'value': '1000000000000000000000', 'tokenName': 'PancakeSwap Token', 'tokenSymbol': 'Cake', 'tokenDecimal': '18', 'transactionIndex': '81', 'gas': '181596', 'gasPrice': '5000000000', 'gasUsed': '175904', 'cumulativeGasUsed': '9902509', 'input': 'deprecated', 'confirmations': '6011'}
[21:18:41,065][INFO][256][auction.py:422] ----------------- 0xb92ab7c1edcb273aba24b0656ceb3681654805d2 ---Cake
[21:18:41,066][INFO][256][auction.py:426] ----------------- 0xae126b90d2835c5a2d720b0687ec59f59b768183 ---Cake -- cake 1000.000000
[21:18:41,066][INFO][256][auction.py:419] {'blockNumber': '10703538', 'timeStamp': '1631007086', 'hash': '0x04fb7e45c4b68346660313324ae7f5b3169c4afba2938a991fc8f9cbb360bbba', 'nonce': '9', 'blockHash': '0x95697e8986f214f779687815df79e4448a445b70b6e5da4e685f61a341e33bed', 'from': '0x5ed6b80f0e8b1c7fdb783202d4a926bbed2d49ee', 'to': '0xb92ab7c1edcb273aba24b0656ceb3681654805d2', 'contractAddress': '0x0e09fabb73bd3ade0a17ecc321fd13a19e81ce82', 'value': '1010000000000000000000', 'tokenName': 'PancakeSwap Token', 'tokenSymbol': 'Cake', 'tokenDecimal': '18', 'transactionIndex': '161', 'gas': '181596', 'gasPrice': '5000000000', 'gasUsed': '175904', 'cumulativeGasUsed': '23412019', 'input': 'deprecated', 'confirmations': '5637'}
[21:18:41,066][INFO][256][auction.py:422] ----------------- 0xb92ab7c1edcb273aba24b0656ceb3681654805d2 ---Cake
[21:18:41,066][INFO][256][auction.py:426] ----------------- 0x5ed6b80f0e8b1c7fdb783202d4a926bbed2d49ee ---Cake -- cake 1010.000000
[21:18:41,066][INFO][256][auction.py:419] {'blockNumber': '10703574', 'timeStamp': '1631007194', 'hash': '0xde7fb6a7e7881132b09831318bfef574dd39724616e59e8f1065b025ba1cf4e8', 'nonce': '480', 'blockHash': '0xfc43f5d81c20d7d41680ab7c02e3c996d03677aa2ef51e7eca04c596025e865e', 'from': '0xfad3b5feac1aaf86b3f66d105f2fa9607164d86b', 'to': '0xb92ab7c1edcb273aba24b0656ceb3681654805d2', 'contractAddress': '0x0e09fabb73bd3ade0a17ecc321fd13a19e81ce82', 'value': '1020000000000000000000', 'tokenName': 'PancakeSwap Token', 'tokenSymbol': 'Cake', 'tokenDecimal': '18', 'transactionIndex': '88', 'gas': '166596', 'gasPrice': '5000000000', 'gasUsed': '160904', 'cumulativeGasUsed': '16679294', 'input': 'deprecated', 'confirmations': '5601'}
[21:18:41,066][INFO][256][auction.py:422] ----------------- 0xb92ab7c1edcb273aba24b0656ceb3681654805d2 ---Cake
[21:18:41,067][INFO][256][auction.py:426] ----------------- 0xfad3b5feac1aaf86b3f66d105f2fa9607164d86b ---Cake -- cake 1020.000000
[21:18:41,067][INFO][256][auction.py:419] {'blockNumber': '10704298', 'timeStamp': '1631009371', 'hash': '0x9cff86beb07d9f4db1ea9e4dac3475ceab20574aaf4c303dba6e24cbafcf8d7c', 'nonce': '489', 'blockHash': '0x70c9905f3136844f467e3381edaec15bfd0663b90de3b91512a9c40a422d3142', 'from': '0x22d56946c6cc1d4ed09f02858ddb990fcc981c55', 'to': '0xb92ab7c1edcb273aba24b0656ceb3681654805d2', 'contractAddress': '0x0e09fabb73bd3ade0a17ecc321fd13a19e81ce82', 'value': '1000000000000000000000', 'tokenName': 'PancakeSwap Token', 'tokenSymbol': 'Cake', 'tokenDecimal': '18', 'transactionIndex': '137', 'gas': '181596', 'gasPrice': '5000000000', 'gasUsed': '175904', 'cumulativeGasUsed': '18845957', 'input': 'deprecated', 'confirmations': '4877'}
[21:18:41,067][INFO][256][auction.py:422] ----------------- 0xb92ab7c1edcb273aba24b0656ceb3681654805d2 ---Cake
[21:18:41,067][INFO][256][auction.py:426] ----------------- 0x22d56946c6cc1d4ed09f02858ddb990fcc981c55 ---Cake -- cake 1000.000000
[21:18:41,068][INFO][256][auction.py:419] {'blockNumber': '10704454', 'timeStamp': '1631009839', 'hash': '0x78f8dd0ac3075bee01d9e4c3e4bb1ca3c54b9da8b54edbaeee570213289a8a63', 'nonce': '496', 'blockHash': '0x2406984443008fe2dc80c8552016b7ca40de9780aa2db8fb6901931f5d541a7e', 'from': '0x22d56946c6cc1d4ed09f02858ddb990fcc981c55', 'to': '0xb92ab7c1edcb273aba24b0656ceb3681654805d2', 'contractAddress': '0x0e09fabb73bd3ade0a17ecc321fd13a19e81ce82', 'value': '100000000000000000000', 'tokenName': 'PancakeSwap Token', 'tokenSymbol': 'Cake', 'tokenDecimal': '18', 'transactionIndex': '145', 'gas': '74495', 'gasPrice': '5000000000', 'gasUsed': '68803', 'cumulativeGasUsed': '16706719', 'input': 'deprecated', 'confirmations': '4721'}
[21:18:41,068][INFO][256][auction.py:422] ----------------- 0xb92ab7c1edcb273aba24b0656ceb3681654805d2 ---Cake
[21:18:41,068][INFO][256][auction.py:426] ----------------- 0x22d56946c6cc1d4ed09f02858ddb990fcc981c55 ---Cake -- cake 100.000000
[21:18:41,068][INFO][256][auction.py:419] {'blockNumber': '10704970', 'timeStamp': '1631011423', 'hash': '0x245ddcac7b8f31a9464c7c78e1bb92199455500509896b72b4c12b4a219bfd07', 'nonce': '2859', 'blockHash': '0x4b86c8203e2cbad3bade32b24053318fed392d4d4de3e68f32df40c79a2cb5c5', 'from': '0x58092273a044d6e1d23b5095ae873f6e24e906ed', 'to': '0xb92ab7c1edcb273aba24b0656ceb3681654805d2', 'contractAddress': '0x0e09fabb73bd3ade0a17ecc321fd13a19e81ce82', 'value': '1500000000000000000000', 'tokenName': 'PancakeSwap Token', 'tokenSymbol': 'Cake', 'tokenDecimal': '18', 'transactionIndex': '271', 'gas': '166596', 'gasPrice': '5000000000', 'gasUsed': '160904', 'cumulativeGasUsed': '36662181', 'input': 'deprecated', 'confirmations': '4205'}
[21:18:41,068][INFO][256][auction.py:422] ----------------- 0xb92ab7c1edcb273aba24b0656ceb3681654805d2 ---Cake
[21:18:41,069][INFO][256][auction.py:426] ----------------- 0x58092273a044d6e1d23b5095ae873f6e24e906ed ---Cake -- cake 1500.000000
[21:18:41,069][INFO][256][auction.py:419] {'blockNumber': '10705049', 'timeStamp': '1631011660', 'hash': '0x142d128802299275e6b10cb2171fed090b9b649875fbffe5dac0d05421bd0e72', 'nonce': '10', 'blockHash': '0x9ed3270f34bd67e32ff8530a52cb58b7b69f8301ed2cd4ef2ffdd78e816e6fae', 'from': '0x5ed6b80f0e8b1c7fdb783202d4a926bbed2d49ee', 'to': '0xb92ab7c1edcb273aba24b0656ceb3681654805d2', 'contractAddress': '0x0e09fabb73bd3ade0a17ecc321fd13a19e81ce82', 'value': '100000000000000000000', 'tokenName': 'PancakeSwap Token', 'tokenSymbol': 'Cake', 'tokenDecimal': '18', 'transactionIndex': '83', 'gas': '74495', 'gasPrice': '5000000000', 'gasUsed': '68803', 'cumulativeGasUsed': '9552749', 'input': 'deprecated', 'confirmations': '4126'}
[21:18:41,069][INFO][256][auction.py:422] ----------------- 0xb92ab7c1edcb273aba24b0656ceb3681654805d2 ---Cake
[21:18:41,069][INFO][256][auction.py:426] ----------------- 0x5ed6b80f0e8b1c7fdb783202d4a926bbed2d49ee ---Cake -- cake 100.000000
[21:18:41,069][INFO][256][auction.py:419] {'blockNumber': '10705454', 'timeStamp': '1631012899', 'hash': '0x952703eed5aa61378d616c4f7b6c666190835d6a57902f1a64fcf02fca84794c', 'nonce': '1', 'blockHash': '0x2dc24ca2731be3736198e22ac78da303739ce5574660be9642c331e70562bdf5', 'from': '0xcbd932ac66f645a3764733aacd30ce50e522fac1', 'to': '0xb92ab7c1edcb273aba24b0656ceb3681654805d2', 'contractAddress': '0x0e09fabb73bd3ade0a17ecc321fd13a19e81ce82', 'value': '3000000000000000000000', 'tokenName': 'PancakeSwap Token', 'tokenSymbol': 'Cake', 'tokenDecimal': '18', 'transactionIndex': '190', 'gas': '181596', 'gasPrice': '5000000000', 'gasUsed': '175904', 'cumulativeGasUsed': '32889266', 'input': 'deprecated', 'confirmations': '3721'}
[21:18:41,070][INFO][256][auction.py:422] ----------------- 0xb92ab7c1edcb273aba24b0656ceb3681654805d2 ---Cake
[21:18:41,070][INFO][256][auction.py:426] ----------------- 0xcbd932ac66f645a3764733aacd30ce50e522fac1 ---Cake -- cake 3000.000000
[21:18:41,070][INFO][256][auction.py:419] {'blockNumber': '10705719', 'timeStamp': '1631013696', 'hash': '0xc075a75784c45ad0d07454da1d09060ae6b82b98dce47416153438ece8d5e5eb', 'nonce': '2862', 'blockHash': '0x4d486b1d9e530b905d358744054caf756c4a62adcdf2949d20a30edcdd14f55f', 'from': '0x58092273a044d6e1d23b5095ae873f6e24e906ed', 'to': '0xb92ab7c1edcb273aba24b0656ceb3681654805d2', 'contractAddress': '0x0e09fabb73bd3ade0a17ecc321fd13a19e81ce82', 'value': '1610000000000000000000', 'tokenName': 'PancakeSwap Token', 'tokenSymbol': 'Cake', 'tokenDecimal': '18', 'transactionIndex': '87', 'gas': '74495', 'gasPrice': '5000000000', 'gasUsed': '68803', 'cumulativeGasUsed': '11673808', 'input': 'deprecated', 'confirmations': '3456'}
[21:18:41,070][INFO][256][auction.py:422] ----------------- 0xb92ab7c1edcb273aba24b0656ceb3681654805d2 ---Cake
[21:18:41,070][INFO][256][auction.py:426] ----------------- 0x58092273a044d6e1d23b5095ae873f6e24e906ed ---Cake -- cake 1610.000000
[21:18:41,070][INFO][256][auction.py:419] {'blockNumber': '10705763', 'timeStamp': '1631013828', 'hash': '0xfe517c002d195aaf34d15888ef5f561435c69a822733895c2f7cfe516b0cbc34', 'nonce': '2', 'blockHash': '0x5f00d6638e2574f5e426fb3c20e0d97a78ab721e650c19bdb4e03b69f6811788', 'from': '0xcbd932ac66f645a3764733aacd30ce50e522fac1', 'to': '0xb92ab7c1edcb273aba24b0656ceb3681654805d2', 'contractAddress': '0x0e09fabb73bd3ade0a17ecc321fd13a19e81ce82', 'value': '1000000000000000000000', 'tokenName': 'PancakeSwap Token', 'tokenSymbol': 'Cake', 'tokenDecimal': '18', 'transactionIndex': '114', 'gas': '74495', 'gasPrice': '5000000000', 'gasUsed': '68803', 'cumulativeGasUsed': '14686672', 'input': 'deprecated', 'confirmations': '3412'}
[21:18:41,070][INFO][256][auction.py:422] ----------------- 0xb92ab7c1edcb273aba24b0656ceb3681654805d2 ---Cake
[21:18:41,070][INFO][256][auction.py:426] ----------------- 0xcbd932ac66f645a3764733aacd30ce50e522fac1 ---Cake -- cake 1000.000000
[21:18:41,070][INFO][256][auction.py:419] {'blockNumber': '10707472', 'timeStamp': '1631018985', 'hash': '0x4fec6d2b3658349e49449e05818faf28b0eb810ba2925374de15f75b2f591436', 'nonce': '501', 'blockHash': '0x99f3c347241ee273463cbed651d24870aa1f1fc3cbde36760ad7f76f97e92e9a', 'from': '0xfad3b5feac1aaf86b3f66d105f2fa9607164d86b', 'to': '0xb92ab7c1edcb273aba24b0656ceb3681654805d2', 'contractAddress': '0x0e09fabb73bd3ade0a17ecc321fd13a19e81ce82', 'value': '250000000000000000000', 'tokenName': 'PancakeSwap Token', 'tokenSymbol': 'Cake', 'tokenDecimal': '18', 'transactionIndex': '277', 'gas': '74495', 'gasPrice': '5000000000', 'gasUsed': '68803', 'cumulativeGasUsed': '37610645', 'input': 'deprecated', 'confirmations': '1703'}
[21:18:41,070][INFO][256][auction.py:422] ----------------- 0xb92ab7c1edcb273aba24b0656ceb3681654805d2 ---Cake
[21:18:41,070][INFO][256][auction.py:426] ----------------- 0xfad3b5feac1aaf86b3f66d105f2fa9607164d86b ---Cake -- cake 250.000000
[21:18:41,070][INFO][256][auction.py:419] {'blockNumber': '10707946', 'timeStamp': '1631020407', 'hash': '0x02815d36e8d59e918f972e893cbcab49bdc6dedbf38bf7acd2866c0952356c52', 'nonce': '498', 'blockHash': '0xe56e6e8dbc05b1a44a47dcc0ac65c8455e213658131d85ceb163320e32acf234', 'from': '0x22d56946c6cc1d4ed09f02858ddb990fcc981c55', 'to': '0xb92ab7c1edcb273aba24b0656ceb3681654805d2', 'contractAddress': '0x0e09fabb73bd3ade0a17ecc321fd13a19e81ce82', 'value': '200000000000000000000', 'tokenName': 'PancakeSwap Token', 'tokenSymbol': 'Cake', 'tokenDecimal': '18', 'transactionIndex': '70', 'gas': '74495', 'gasPrice': '5000000000', 'gasUsed': '68803', 'cumulativeGasUsed': '9489709', 'input': 'deprecated', 'confirmations': '1229'}
[21:18:41,070][INFO][256][auction.py:422] ----------------- 0xb92ab7c1edcb273aba24b0656ceb3681654805d2 ---Cake
[21:18:41,070][INFO][256][auction.py:426] ----------------- 0x22d56946c6cc1d4ed09f02858ddb990fcc981c55 ---Cake -- cake 200.000000
