[18:27:04,547][INFO][10780][auction.py:194] ==============CONFIG DATA======================
[18:27:04,547][INFO][10780][auction.py:195] pancake_factory_addr= 0xcA143Ce32Fe78f1f7019d7d551a6402fC5350c73
[18:27:04,547][INFO][10780][auction.py:196] pancake_router_addr= 0x10ED43C718714eb63d5aA57B78B54704E256024E
[18:27:04,547][INFO][10780][auction.py:197] sound_alamp= True
[18:27:04,547][INFO][10780][auction.py:198] msg_notifi= True
[18:27:04,547][INFO][10780][auction.py:199] notifi_delay= 1.0
[18:27:04,547][INFO][10780][auction.py:200] get_price_delay= 0.5
[18:27:04,547][INFO][10780][auction.py:201] ==============END CONFIG DATA======================
[18:27:09,604][INFO][10780][auction.py:115] Sound Alert
[18:27:10,488][INFO][10780][auction.py:95] Connected to BSC
[18:27:10,490][INFO][1388][auction.py:339] =====================monitorAuc
[18:27:10,714][INFO][1388][auction.py:362] getting all txs from block 10705829
[18:27:11,752][INFO][10780][auction.py:131] Message Notification:Auction Monitor started
[18:27:11,782][INFO][1388][auction.py:365] {'blockNumber': '10703164', 'timeStamp': '1631005959', 'hash': '0x2c47a0b312a42aef6b2aab02ef728de69c6b4087d04e0f9cde0d2f06af672f74', 'nonce': '151', 'blockHash': '0x3e3fa383c0fa96831def86a43ecb8a9293bc2031a806a9081cf76052129aa9d9', 'from': '0xae126b90d2835c5a2d720b0687ec59f59b768183', 'contractAddress': '0x0e09fabb73bd3ade0a17ecc321fd13a19e81ce82', 'to': '0xb92ab7c1edcb273aba24b0656ceb3681654805d2', 'value': '1000000000000000000000', 'tokenName': 'PancakeSwap Token', 'tokenSymbol': 'Cake', 'tokenDecimal': '18', 'transactionIndex': '81', 'gas': '181596', 'gasPrice': '5000000000', 'gasUsed': '175904', 'cumulativeGasUsed': '9902509', 'input': 'deprecated', 'confirmations': '2665'}
[18:27:11,783][INFO][1388][auction.py:368] ----------------- 0xb92ab7c1edcb273aba24b0656ceb3681654805d2 ---Cake
[18:27:11,783][ERROR][1388][auction.py:377] error
Traceback (most recent call last):
  File "C:\_prj\dex_bot\auction.py", line 371, in monitorAc
    cakeVal = tx['value'] / 1000000000000000000.0
TypeError: unsupported operand type(s) for /: 'str' and 'float'
[18:27:41,811][INFO][1388][auction.py:362] getting all txs from block 10705829
[18:27:42,846][INFO][1388][auction.py:365] {'blockNumber': '10703164', 'timeStamp': '1631005959', 'hash': '0x2c47a0b312a42aef6b2aab02ef728de69c6b4087d04e0f9cde0d2f06af672f74', 'nonce': '151', 'blockHash': '0x3e3fa383c0fa96831def86a43ecb8a9293bc2031a806a9081cf76052129aa9d9', 'from': '0xae126b90d2835c5a2d720b0687ec59f59b768183', 'contractAddress': '0x0e09fabb73bd3ade0a17ecc321fd13a19e81ce82', 'to': '0xb92ab7c1edcb273aba24b0656ceb3681654805d2', 'value': '1000000000000000000000', 'tokenName': 'PancakeSwap Token', 'tokenSymbol': 'Cake', 'tokenDecimal': '18', 'transactionIndex': '81', 'gas': '181596', 'gasPrice': '5000000000', 'gasUsed': '175904', 'cumulativeGasUsed': '9902509', 'input': 'deprecated', 'confirmations': '2672'}
[18:27:42,846][INFO][1388][auction.py:368] ----------------- 0xb92ab7c1edcb273aba24b0656ceb3681654805d2 ---Cake
[18:27:42,846][ERROR][1388][auction.py:377] error
Traceback (most recent call last):
  File "C:\_prj\dex_bot\auction.py", line 371, in monitorAc
    cakeVal = tx['value'] / 1000000000000000000.0
TypeError: unsupported operand type(s) for /: 'str' and 'float'
[18:28:12,934][INFO][1388][auction.py:362] getting all txs from block 10705829
[18:28:14,035][INFO][1388][auction.py:365] {'blockNumber': '10703164', 'timeStamp': '1631005959', 'hash': '0x2c47a0b312a42aef6b2aab02ef728de69c6b4087d04e0f9cde0d2f06af672f74', 'nonce': '151', 'blockHash': '0x3e3fa383c0fa96831def86a43ecb8a9293bc2031a806a9081cf76052129aa9d9', 'from': '0xae126b90d2835c5a2d720b0687ec59f59b768183', 'contractAddress': '0x0e09fabb73bd3ade0a17ecc321fd13a19e81ce82', 'to': '0xb92ab7c1edcb273aba24b0656ceb3681654805d2', 'value': '1000000000000000000000', 'tokenName': 'PancakeSwap Token', 'tokenSymbol': 'Cake', 'tokenDecimal': '18', 'transactionIndex': '81', 'gas': '181596', 'gasPrice': '5000000000', 'gasUsed': '175904', 'cumulativeGasUsed': '9902509', 'input': 'deprecated', 'confirmations': '2685'}
[18:28:14,035][INFO][1388][auction.py:368] ----------------- 0xb92ab7c1edcb273aba24b0656ceb3681654805d2 ---Cake
[18:28:14,036][ERROR][1388][auction.py:377] error
Traceback (most recent call last):
  File "C:\_prj\dex_bot\auction.py", line 371, in monitorAc
    cakeVal = tx['value'] / 1000000000000000000.0
TypeError: unsupported operand type(s) for /: 'str' and 'float'
