[18:16:45,566][INFO][11328][auction.py:194] ==============CONFIG DATA======================
[18:16:45,566][INFO][11328][auction.py:195] pancake_factory_addr= 0xcA143Ce32Fe78f1f7019d7d551a6402fC5350c73
[18:16:45,566][INFO][11328][auction.py:196] pancake_router_addr= 0x10ED43C718714eb63d5aA57B78B54704E256024E
[18:16:45,566][INFO][11328][auction.py:197] sound_alamp= True
[18:16:45,566][INFO][11328][auction.py:198] msg_notifi= True
[18:16:45,566][INFO][11328][auction.py:199] notifi_delay= 1.0
[18:16:45,567][INFO][11328][auction.py:200] get_price_delay= 0.5
[18:16:45,567][INFO][11328][auction.py:201] ==============END CONFIG DATA======================
[18:16:50,640][INFO][11328][auction.py:115] Sound Alert
[18:16:51,509][INFO][11328][auction.py:95] Connected to BSC
[18:16:51,511][INFO][11168][auction.py:337] =====================monitorAuc
[18:16:51,747][INFO][11168][auction.py:360] getting all txs from block 10705623
[18:16:52,691][INFO][11328][auction.py:131] Message Notification:Auction Monitor started
[18:16:52,995][INFO][11168][auction.py:363] {'blockNumber': '10703164', 'timeStamp': '1631005959', 'hash': '0x2c47a0b312a42aef6b2aab02ef728de69c6b4087d04e0f9cde0d2f06af672f74', 'nonce': '151', 'blockHash': '0x3e3fa383c0fa96831def86a43ecb8a9293bc2031a806a9081cf76052129aa9d9', 'transactionIndex': '81', 'from': '0xae126b90d2835c5a2d720b0687ec59f59b768183', 'to': '0xb92ab7c1edcb273aba24b0656ceb3681654805d2', 'value': '0', 'gas': '181596', 'gasPrice': '5000000000', 'isError': '0', 'txreceipt_status': '1', 'input': '0x454a2ab300000000000000000000000000000000000000000000003635c9adc5dea00000', 'contractAddress': '', 'cumulativeGasUsed': '9902509', 'gasUsed': '175904', 'confirmations': '2457'}
[18:16:52,996][ERROR][11168][auction.py:373] error
Traceback (most recent call last):
  File "C:\_prj\dex_bot\auction.py", line 364, in monitorAc
    tokenSymbol = tx['tokenSymbol']
KeyError: 'tokenSymbol'
[18:16:56,048][INFO][11168][auction.py:360] getting all txs from block 10705623
[18:16:58,179][INFO][11168][auction.py:363] {'blockNumber': '10703164', 'timeStamp': '1631005959', 'hash': '0x2c47a0b312a42aef6b2aab02ef728de69c6b4087d04e0f9cde0d2f06af672f74', 'nonce': '151', 'blockHash': '0x3e3fa383c0fa96831def86a43ecb8a9293bc2031a806a9081cf76052129aa9d9', 'transactionIndex': '81', 'from': '0xae126b90d2835c5a2d720b0687ec59f59b768183', 'to': '0xb92ab7c1edcb273aba24b0656ceb3681654805d2', 'value': '0', 'gas': '181596', 'gasPrice': '5000000000', 'isError': '0', 'txreceipt_status': '1', 'input': '0x454a2ab300000000000000000000000000000000000000000000003635c9adc5dea00000', 'contractAddress': '', 'cumulativeGasUsed': '9902509', 'gasUsed': '175904', 'confirmations': '2457'}
[18:16:58,180][ERROR][11168][auction.py:373] error
Traceback (most recent call last):
  File "C:\_prj\dex_bot\auction.py", line 364, in monitorAc
    tokenSymbol = tx['tokenSymbol']
KeyError: 'tokenSymbol'
[18:17:01,229][INFO][11168][auction.py:360] getting all txs from block 10705623
