[18:28:24,401][INFO][9724][auction.py:194] ==============CONFIG DATA======================
[18:28:24,401][INFO][9724][auction.py:195] pancake_factory_addr= 0xcA143Ce32Fe78f1f7019d7d551a6402fC5350c73
[18:28:24,402][INFO][9724][auction.py:196] pancake_router_addr= 0x10ED43C718714eb63d5aA57B78B54704E256024E
[18:28:24,402][INFO][9724][auction.py:197] sound_alamp= True
[18:28:24,402][INFO][9724][auction.py:198] msg_notifi= True
[18:28:24,402][INFO][9724][auction.py:199] notifi_delay= 1.0
[18:28:24,402][INFO][9724][auction.py:200] get_price_delay= 0.5
[18:28:24,402][INFO][9724][auction.py:201] ==============END CONFIG DATA======================
[18:28:29,450][INFO][9724][auction.py:115] Sound Alert
[18:28:30,320][INFO][9724][auction.py:95] Connected to BSC
[18:28:30,322][INFO][6196][auction.py:339] =====================monitorAuc
[18:28:30,557][INFO][6196][auction.py:362] getting all txs from block 10705856
[18:28:32,246][INFO][9724][auction.py:131] Message Notification:Auction Monitor started
[18:28:32,970][INFO][6196][auction.py:365] {'blockNumber': '10703164', 'timeStamp': '1631005959', 'hash': '0x2c47a0b312a42aef6b2aab02ef728de69c6b4087d04e0f9cde0d2f06af672f74', 'nonce': '151', 'blockHash': '0x3e3fa383c0fa96831def86a43ecb8a9293bc2031a806a9081cf76052129aa9d9', 'from': '0xae126b90d2835c5a2d720b0687ec59f59b768183', 'contractAddress': '0x0e09fabb73bd3ade0a17ecc321fd13a19e81ce82', 'to': '0xb92ab7c1edcb273aba24b0656ceb3681654805d2', 'value': '1000000000000000000000', 'tokenName': 'PancakeSwap Token', 'tokenSymbol': 'Cake', 'tokenDecimal': '18', 'transactionIndex': '81', 'gas': '181596', 'gasPrice': '5000000000', 'gasUsed': '175904', 'cumulativeGasUsed': '9902509', 'input': 'deprecated', 'confirmations': '2691'}
[18:28:32,970][INFO][6196][auction.py:368] ----------------- 0xb92ab7c1edcb273aba24b0656ceb3681654805d2 ---Cake
[18:28:32,971][INFO][6196][auction.py:372] ----------------- 0xae126b90d2835c5a2d720b0687ec59f59b768183 ---Cake -- cake 1000.000000
[18:28:32,971][INFO][6196][auction.py:365] {'blockNumber': '10703538', 'timeStamp': '1631007086', 'hash': '0x04fb7e45c4b68346660313324ae7f5b3169c4afba2938a991fc8f9cbb360bbba', 'nonce': '9', 'blockHash': '0x95697e8986f214f779687815df79e4448a445b70b6e5da4e685f61a341e33bed', 'from': '0x5ed6b80f0e8b1c7fdb783202d4a926bbed2d49ee', 'contractAddress': '0x0e09fabb73bd3ade0a17ecc321fd13a19e81ce82', 'to': '0xb92ab7c1edcb273aba24b0656ceb3681654805d2', 'value': '1010000000000000000000', 'tokenName': 'PancakeSwap Token', 'tokenSymbol': 'Cake', 'tokenDecimal': '18', 'transactionIndex': '161', 'gas': '181596', 'gasPrice': '5000000000', 'gasUsed': '175904', 'cumulativeGasUsed': '23412019', 'input': 'deprecated', 'confirmations': '2317'}
[18:28:32,971][INFO][6196][auction.py:368] ----------------- 0xb92ab7c1edcb273aba24b0656ceb3681654805d2 ---Cake
[18:28:32,971][INFO][6196][auction.py:372] ----------------- 0x5ed6b80f0e8b1c7fdb783202d4a926bbed2d49ee ---Cake -- cake 1010.000000
[18:28:32,971][INFO][6196][auction.py:365] {'blockNumber': '10703574', 'timeStamp': '1631007194', 'hash': '0xde7fb6a7e7881132b09831318bfef574dd39724616e59e8f1065b025ba1cf4e8', 'nonce': '480', 'blockHash': '0xfc43f5d81c20d7d41680ab7c02e3c996d03677aa2ef51e7eca04c596025e865e', 'from': '0xfad3b5feac1aaf86b3f66d105f2fa9607164d86b', 'contractAddress': '0x0e09fabb73bd3ade0a17ecc321fd13a19e81ce82', 'to': '0xb92ab7c1edcb273aba24b0656ceb3681654805d2', 'value': '1020000000000000000000', 'tokenName': 'PancakeSwap Token', 'tokenSymbol': 'Cake', 'tokenDecimal': '18', 'transactionIndex': '88', 'gas': '166596', 'gasPrice': '5000000000', 'gasUsed': '160904', 'cumulativeGasUsed': '16679294', 'input': 'deprecated', 'confirmations': '2281'}
[18:28:32,971][INFO][6196][auction.py:368] ----------------- 0xb92ab7c1edcb273aba24b0656ceb3681654805d2 ---Cake
[18:28:32,971][INFO][6196][auction.py:372] ----------------- 0xfad3b5feac1aaf86b3f66d105f2fa9607164d86b ---Cake -- cake 1020.000000
[18:28:32,971][INFO][6196][auction.py:365] {'blockNumber': '10704298', 'timeStamp': '1631009371', 'hash': '0x9cff86beb07d9f4db1ea9e4dac3475ceab20574aaf4c303dba6e24cbafcf8d7c', 'nonce': '489', 'blockHash': '0x70c9905f3136844f467e3381edaec15bfd0663b90de3b91512a9c40a422d3142', 'from': '0x22d56946c6cc1d4ed09f02858ddb990fcc981c55', 'contractAddress': '0x0e09fabb73bd3ade0a17ecc321fd13a19e81ce82', 'to': '0xb92ab7c1edcb273aba24b0656ceb3681654805d2', 'value': '1000000000000000000000', 'tokenName': 'PancakeSwap Token', 'tokenSymbol': 'Cake', 'tokenDecimal': '18', 'transactionIndex': '137', 'gas': '181596', 'gasPrice': '5000000000', 'gasUsed': '175904', 'cumulativeGasUsed': '18845957', 'input': 'deprecated', 'confirmations': '1557'}
[18:28:32,971][INFO][6196][auction.py:368] ----------------- 0xb92ab7c1edcb273aba24b0656ceb3681654805d2 ---Cake
[18:28:32,971][INFO][6196][auction.py:372] ----------------- 0x22d56946c6cc1d4ed09f02858ddb990fcc981c55 ---Cake -- cake 1000.000000
[18:28:32,971][INFO][6196][auction.py:365] {'blockNumber': '10704454', 'timeStamp': '1631009839', 'hash': '0x78f8dd0ac3075bee01d9e4c3e4bb1ca3c54b9da8b54edbaeee570213289a8a63', 'nonce': '496', 'blockHash': '0x2406984443008fe2dc80c8552016b7ca40de9780aa2db8fb6901931f5d541a7e', 'from': '0x22d56946c6cc1d4ed09f02858ddb990fcc981c55', 'contractAddress': '0x0e09fabb73bd3ade0a17ecc321fd13a19e81ce82', 'to': '0xb92ab7c1edcb273aba24b0656ceb3681654805d2', 'value': '100000000000000000000', 'tokenName': 'PancakeSwap Token', 'tokenSymbol': 'Cake', 'tokenDecimal': '18', 'transactionIndex': '145', 'gas': '74495', 'gasPrice': '5000000000', 'gasUsed': '68803', 'cumulativeGasUsed': '16706719', 'input': 'deprecated', 'confirmations': '1401'}
[18:28:32,971][INFO][6196][auction.py:368] ----------------- 0xb92ab7c1edcb273aba24b0656ceb3681654805d2 ---Cake
[18:28:32,971][INFO][6196][auction.py:372] ----------------- 0x22d56946c6cc1d4ed09f02858ddb990fcc981c55 ---Cake -- cake 100.000000
[18:28:32,971][INFO][6196][auction.py:365] {'blockNumber': '10704970', 'timeStamp': '1631011423', 'hash': '0x245ddcac7b8f31a9464c7c78e1bb92199455500509896b72b4c12b4a219bfd07', 'nonce': '2859', 'blockHash': '0x4b86c8203e2cbad3bade32b24053318fed392d4d4de3e68f32df40c79a2cb5c5', 'from': '0x58092273a044d6e1d23b5095ae873f6e24e906ed', 'contractAddress': '0x0e09fabb73bd3ade0a17ecc321fd13a19e81ce82', 'to': '0xb92ab7c1edcb273aba24b0656ceb3681654805d2', 'value': '1500000000000000000000', 'tokenName': 'PancakeSwap Token', 'tokenSymbol': 'Cake', 'tokenDecimal': '18', 'transactionIndex': '271', 'gas': '166596', 'gasPrice': '5000000000', 'gasUsed': '160904', 'cumulativeGasUsed': '36662181', 'input': 'deprecated', 'confirmations': '885'}
[18:28:32,971][INFO][6196][auction.py:368] ----------------- 0xb92ab7c1edcb273aba24b0656ceb3681654805d2 ---Cake
[18:28:32,971][INFO][6196][auction.py:372] ----------------- 0x58092273a044d6e1d23b5095ae873f6e24e906ed ---Cake -- cake 1500.000000
[18:28:32,972][ERROR][6196][auction.py:377] error
Traceback (most recent call last):
  File "C:\_prj\dex_bot\auction.py", line 373, in monitorAc
    mapBidResult[fromPrjAddr] = mapBidResult[fromPrjAddr] + cakeVal
KeyError: '0x58092273a044d6e1d23b5095ae873f6e24e906ed'
[18:29:03,163][INFO][6196][auction.py:362] getting all txs from block 10705856
[18:29:07,768][INFO][6196][auction.py:365] {'blockNumber': '10703164', 'timeStamp': '1631005959', 'hash': '0x2c47a0b312a42aef6b2aab02ef728de69c6b4087d04e0f9cde0d2f06af672f74', 'nonce': '151', 'blockHash': '0x3e3fa383c0fa96831def86a43ecb8a9293bc2031a806a9081cf76052129aa9d9', 'from': '0xae126b90d2835c5a2d720b0687ec59f59b768183', 'contractAddress': '0x0e09fabb73bd3ade0a17ecc321fd13a19e81ce82', 'to': '0xb92ab7c1edcb273aba24b0656ceb3681654805d2', 'value': '1000000000000000000000', 'tokenName': 'PancakeSwap Token', 'tokenSymbol': 'Cake', 'tokenDecimal': '18', 'transactionIndex': '81', 'gas': '181596', 'gasPrice': '5000000000', 'gasUsed': '175904', 'cumulativeGasUsed': '9902509', 'input': 'deprecated', 'confirmations': '2702'}
[18:29:07,768][INFO][6196][auction.py:368] ----------------- 0xb92ab7c1edcb273aba24b0656ceb3681654805d2 ---Cake
[18:29:07,768][INFO][6196][auction.py:372] ----------------- 0xae126b90d2835c5a2d720b0687ec59f59b768183 ---Cake -- cake 1000.000000
[18:29:07,768][INFO][6196][auction.py:365] {'blockNumber': '10703538', 'timeStamp': '1631007086', 'hash': '0x04fb7e45c4b68346660313324ae7f5b3169c4afba2938a991fc8f9cbb360bbba', 'nonce': '9', 'blockHash': '0x95697e8986f214f779687815df79e4448a445b70b6e5da4e685f61a341e33bed', 'from': '0x5ed6b80f0e8b1c7fdb783202d4a926bbed2d49ee', 'contractAddress': '0x0e09fabb73bd3ade0a17ecc321fd13a19e81ce82', 'to': '0xb92ab7c1edcb273aba24b0656ceb3681654805d2', 'value': '1010000000000000000000', 'tokenName': 'PancakeSwap Token', 'tokenSymbol': 'Cake', 'tokenDecimal': '18', 'transactionIndex': '161', 'gas': '181596', 'gasPrice': '5000000000', 'gasUsed': '175904', 'cumulativeGasUsed': '23412019', 'input': 'deprecated', 'confirmations': '2328'}
[18:29:07,768][INFO][6196][auction.py:368] ----------------- 0xb92ab7c1edcb273aba24b0656ceb3681654805d2 ---Cake
[18:29:07,768][INFO][6196][auction.py:372] ----------------- 0x5ed6b80f0e8b1c7fdb783202d4a926bbed2d49ee ---Cake -- cake 1010.000000
[18:29:07,768][INFO][6196][auction.py:365] {'blockNumber': '10703574', 'timeStamp': '1631007194', 'hash': '0xde7fb6a7e7881132b09831318bfef574dd39724616e59e8f1065b025ba1cf4e8', 'nonce': '480', 'blockHash': '0xfc43f5d81c20d7d41680ab7c02e3c996d03677aa2ef51e7eca04c596025e865e', 'from': '0xfad3b5feac1aaf86b3f66d105f2fa9607164d86b', 'contractAddress': '0x0e09fabb73bd3ade0a17ecc321fd13a19e81ce82', 'to': '0xb92ab7c1edcb273aba24b0656ceb3681654805d2', 'value': '1020000000000000000000', 'tokenName': 'PancakeSwap Token', 'tokenSymbol': 'Cake', 'tokenDecimal': '18', 'transactionIndex': '88', 'gas': '166596', 'gasPrice': '5000000000', 'gasUsed': '160904', 'cumulativeGasUsed': '16679294', 'input': 'deprecated', 'confirmations': '2292'}
[18:29:07,768][INFO][6196][auction.py:368] ----------------- 0xb92ab7c1edcb273aba24b0656ceb3681654805d2 ---Cake
[18:29:07,768][INFO][6196][auction.py:372] ----------------- 0xfad3b5feac1aaf86b3f66d105f2fa9607164d86b ---Cake -- cake 1020.000000
[18:29:07,768][INFO][6196][auction.py:365] {'blockNumber': '10704298', 'timeStamp': '1631009371', 'hash': '0x9cff86beb07d9f4db1ea9e4dac3475ceab20574aaf4c303dba6e24cbafcf8d7c', 'nonce': '489', 'blockHash': '0x70c9905f3136844f467e3381edaec15bfd0663b90de3b91512a9c40a422d3142', 'from': '0x22d56946c6cc1d4ed09f02858ddb990fcc981c55', 'contractAddress': '0x0e09fabb73bd3ade0a17ecc321fd13a19e81ce82', 'to': '0xb92ab7c1edcb273aba24b0656ceb3681654805d2', 'value': '1000000000000000000000', 'tokenName': 'PancakeSwap Token', 'tokenSymbol': 'Cake', 'tokenDecimal': '18', 'transactionIndex': '137', 'gas': '181596', 'gasPrice': '5000000000', 'gasUsed': '175904', 'cumulativeGasUsed': '18845957', 'input': 'deprecated', 'confirmations': '1568'}
[18:29:07,768][INFO][6196][auction.py:368] ----------------- 0xb92ab7c1edcb273aba24b0656ceb3681654805d2 ---Cake
[18:29:07,768][INFO][6196][auction.py:372] ----------------- 0x22d56946c6cc1d4ed09f02858ddb990fcc981c55 ---Cake -- cake 1000.000000
[18:29:07,768][INFO][6196][auction.py:365] {'blockNumber': '10704454', 'timeStamp': '1631009839', 'hash': '0x78f8dd0ac3075bee01d9e4c3e4bb1ca3c54b9da8b54edbaeee570213289a8a63', 'nonce': '496', 'blockHash': '0x2406984443008fe2dc80c8552016b7ca40de9780aa2db8fb6901931f5d541a7e', 'from': '0x22d56946c6cc1d4ed09f02858ddb990fcc981c55', 'contractAddress': '0x0e09fabb73bd3ade0a17ecc321fd13a19e81ce82', 'to': '0xb92ab7c1edcb273aba24b0656ceb3681654805d2', 'value': '100000000000000000000', 'tokenName': 'PancakeSwap Token', 'tokenSymbol': 'Cake', 'tokenDecimal': '18', 'transactionIndex': '145', 'gas': '74495', 'gasPrice': '5000000000', 'gasUsed': '68803', 'cumulativeGasUsed': '16706719', 'input': 'deprecated', 'confirmations': '1412'}
[18:29:07,768][INFO][6196][auction.py:368] ----------------- 0xb92ab7c1edcb273aba24b0656ceb3681654805d2 ---Cake
[18:29:07,768][INFO][6196][auction.py:372] ----------------- 0x22d56946c6cc1d4ed09f02858ddb990fcc981c55 ---Cake -- cake 100.000000
[18:29:07,768][INFO][6196][auction.py:365] {'blockNumber': '10704970', 'timeStamp': '1631011423', 'hash': '0x245ddcac7b8f31a9464c7c78e1bb92199455500509896b72b4c12b4a219bfd07', 'nonce': '2859', 'blockHash': '0x4b86c8203e2cbad3bade32b24053318fed392d4d4de3e68f32df40c79a2cb5c5', 'from': '0x58092273a044d6e1d23b5095ae873f6e24e906ed', 'contractAddress': '0x0e09fabb73bd3ade0a17ecc321fd13a19e81ce82', 'to': '0xb92ab7c1edcb273aba24b0656ceb3681654805d2', 'value': '1500000000000000000000', 'tokenName': 'PancakeSwap Token', 'tokenSymbol': 'Cake', 'tokenDecimal': '18', 'transactionIndex': '271', 'gas': '166596', 'gasPrice': '5000000000', 'gasUsed': '160904', 'cumulativeGasUsed': '36662181', 'input': 'deprecated', 'confirmations': '896'}
[18:29:07,768][INFO][6196][auction.py:368] ----------------- 0xb92ab7c1edcb273aba24b0656ceb3681654805d2 ---Cake
[18:29:07,768][INFO][6196][auction.py:372] ----------------- 0x58092273a044d6e1d23b5095ae873f6e24e906ed ---Cake -- cake 1500.000000
[18:29:07,768][ERROR][6196][auction.py:377] error
Traceback (most recent call last):
  File "C:\_prj\dex_bot\auction.py", line 373, in monitorAc
    mapBidResult[fromPrjAddr] = mapBidResult[fromPrjAddr] + cakeVal
KeyError: '0x58092273a044d6e1d23b5095ae873f6e24e906ed'
[18:29:37,817][INFO][6196][auction.py:362] getting all txs from block 10705856
[18:29:39,217][INFO][6196][auction.py:365] {'blockNumber': '10703164', 'timeStamp': '1631005959', 'hash': '0x2c47a0b312a42aef6b2aab02ef728de69c6b4087d04e0f9cde0d2f06af672f74', 'nonce': '151', 'blockHash': '0x3e3fa383c0fa96831def86a43ecb8a9293bc2031a806a9081cf76052129aa9d9', 'from': '0xae126b90d2835c5a2d720b0687ec59f59b768183', 'contractAddress': '0x0e09fabb73bd3ade0a17ecc321fd13a19e81ce82', 'to': '0xb92ab7c1edcb273aba24b0656ceb3681654805d2', 'value': '1000000000000000000000', 'tokenName': 'PancakeSwap Token', 'tokenSymbol': 'Cake', 'tokenDecimal': '18', 'transactionIndex': '81', 'gas': '181596', 'gasPrice': '5000000000', 'gasUsed': '175904', 'cumulativeGasUsed': '9902509', 'input': 'deprecated', 'confirmations': '2714'}
[18:29:39,217][INFO][6196][auction.py:368] ----------------- 0xb92ab7c1edcb273aba24b0656ceb3681654805d2 ---Cake
[18:29:39,218][INFO][6196][auction.py:372] ----------------- 0xae126b90d2835c5a2d720b0687ec59f59b768183 ---Cake -- cake 1000.000000
[18:29:39,218][INFO][6196][auction.py:365] {'blockNumber': '10703538', 'timeStamp': '1631007086', 'hash': '0x04fb7e45c4b68346660313324ae7f5b3169c4afba2938a991fc8f9cbb360bbba', 'nonce': '9', 'blockHash': '0x95697e8986f214f779687815df79e4448a445b70b6e5da4e685f61a341e33bed', 'from': '0x5ed6b80f0e8b1c7fdb783202d4a926bbed2d49ee', 'contractAddress': '0x0e09fabb73bd3ade0a17ecc321fd13a19e81ce82', 'to': '0xb92ab7c1edcb273aba24b0656ceb3681654805d2', 'value': '1010000000000000000000', 'tokenName': 'PancakeSwap Token', 'tokenSymbol': 'Cake', 'tokenDecimal': '18', 'transactionIndex': '161', 'gas': '181596', 'gasPrice': '5000000000', 'gasUsed': '175904', 'cumulativeGasUsed': '23412019', 'input': 'deprecated', 'confirmations': '2340'}
[18:29:39,218][INFO][6196][auction.py:368] ----------------- 0xb92ab7c1edcb273aba24b0656ceb3681654805d2 ---Cake
[18:29:39,218][INFO][6196][auction.py:372] ----------------- 0x5ed6b80f0e8b1c7fdb783202d4a926bbed2d49ee ---Cake -- cake 1010.000000
[18:29:39,218][INFO][6196][auction.py:365] {'blockNumber': '10703574', 'timeStamp': '1631007194', 'hash': '0xde7fb6a7e7881132b09831318bfef574dd39724616e59e8f1065b025ba1cf4e8', 'nonce': '480', 'blockHash': '0xfc43f5d81c20d7d41680ab7c02e3c996d03677aa2ef51e7eca04c596025e865e', 'from': '0xfad3b5feac1aaf86b3f66d105f2fa9607164d86b', 'contractAddress': '0x0e09fabb73bd3ade0a17ecc321fd13a19e81ce82', 'to': '0xb92ab7c1edcb273aba24b0656ceb3681654805d2', 'value': '1020000000000000000000', 'tokenName': 'PancakeSwap Token', 'tokenSymbol': 'Cake', 'tokenDecimal': '18', 'transactionIndex': '88', 'gas': '166596', 'gasPrice': '5000000000', 'gasUsed': '160904', 'cumulativeGasUsed': '16679294', 'input': 'deprecated', 'confirmations': '2304'}
[18:29:39,218][INFO][6196][auction.py:368] ----------------- 0xb92ab7c1edcb273aba24b0656ceb3681654805d2 ---Cake
[18:29:39,218][INFO][6196][auction.py:372] ----------------- 0xfad3b5feac1aaf86b3f66d105f2fa9607164d86b ---Cake -- cake 1020.000000
[18:29:39,218][INFO][6196][auction.py:365] {'blockNumber': '10704298', 'timeStamp': '1631009371', 'hash': '0x9cff86beb07d9f4db1ea9e4dac3475ceab20574aaf4c303dba6e24cbafcf8d7c', 'nonce': '489', 'blockHash': '0x70c9905f3136844f467e3381edaec15bfd0663b90de3b91512a9c40a422d3142', 'from': '0x22d56946c6cc1d4ed09f02858ddb990fcc981c55', 'contractAddress': '0x0e09fabb73bd3ade0a17ecc321fd13a19e81ce82', 'to': '0xb92ab7c1edcb273aba24b0656ceb3681654805d2', 'value': '1000000000000000000000', 'tokenName': 'PancakeSwap Token', 'tokenSymbol': 'Cake', 'tokenDecimal': '18', 'transactionIndex': '137', 'gas': '181596', 'gasPrice': '5000000000', 'gasUsed': '175904', 'cumulativeGasUsed': '18845957', 'input': 'deprecated', 'confirmations': '1580'}
[18:29:39,218][INFO][6196][auction.py:368] ----------------- 0xb92ab7c1edcb273aba24b0656ceb3681654805d2 ---Cake
[18:29:39,218][INFO][6196][auction.py:372] ----------------- 0x22d56946c6cc1d4ed09f02858ddb990fcc981c55 ---Cake -- cake 1000.000000
[18:29:39,218][INFO][6196][auction.py:365] {'blockNumber': '10704454', 'timeStamp': '1631009839', 'hash': '0x78f8dd0ac3075bee01d9e4c3e4bb1ca3c54b9da8b54edbaeee570213289a8a63', 'nonce': '496', 'blockHash': '0x2406984443008fe2dc80c8552016b7ca40de9780aa2db8fb6901931f5d541a7e', 'from': '0x22d56946c6cc1d4ed09f02858ddb990fcc981c55', 'contractAddress': '0x0e09fabb73bd3ade0a17ecc321fd13a19e81ce82', 'to': '0xb92ab7c1edcb273aba24b0656ceb3681654805d2', 'value': '100000000000000000000', 'tokenName': 'PancakeSwap Token', 'tokenSymbol': 'Cake', 'tokenDecimal': '18', 'transactionIndex': '145', 'gas': '74495', 'gasPrice': '5000000000', 'gasUsed': '68803', 'cumulativeGasUsed': '16706719', 'input': 'deprecated', 'confirmations': '1424'}
[18:29:39,218][INFO][6196][auction.py:368] ----------------- 0xb92ab7c1edcb273aba24b0656ceb3681654805d2 ---Cake
[18:29:39,218][INFO][6196][auction.py:372] ----------------- 0x22d56946c6cc1d4ed09f02858ddb990fcc981c55 ---Cake -- cake 100.000000
[18:29:39,218][INFO][6196][auction.py:365] {'blockNumber': '10704970', 'timeStamp': '1631011423', 'hash': '0x245ddcac7b8f31a9464c7c78e1bb92199455500509896b72b4c12b4a219bfd07', 'nonce': '2859', 'blockHash': '0x4b86c8203e2cbad3bade32b24053318fed392d4d4de3e68f32df40c79a2cb5c5', 'from': '0x58092273a044d6e1d23b5095ae873f6e24e906ed', 'contractAddress': '0x0e09fabb73bd3ade0a17ecc321fd13a19e81ce82', 'to': '0xb92ab7c1edcb273aba24b0656ceb3681654805d2', 'value': '1500000000000000000000', 'tokenName': 'PancakeSwap Token', 'tokenSymbol': 'Cake', 'tokenDecimal': '18', 'transactionIndex': '271', 'gas': '166596', 'gasPrice': '5000000000', 'gasUsed': '160904', 'cumulativeGasUsed': '36662181', 'input': 'deprecated', 'confirmations': '908'}
[18:29:39,218][INFO][6196][auction.py:368] ----------------- 0xb92ab7c1edcb273aba24b0656ceb3681654805d2 ---Cake
[18:29:39,218][INFO][6196][auction.py:372] ----------------- 0x58092273a044d6e1d23b5095ae873f6e24e906ed ---Cake -- cake 1500.000000
[18:29:39,218][ERROR][6196][auction.py:377] error
Traceback (most recent call last):
  File "C:\_prj\dex_bot\auction.py", line 373, in monitorAc
    mapBidResult[fromPrjAddr] = mapBidResult[fromPrjAddr] + cakeVal
KeyError: '0x58092273a044d6e1d23b5095ae873f6e24e906ed'
[18:30:09,411][INFO][6196][auction.py:362] getting all txs from block 10705856
[18:30:11,928][INFO][6196][auction.py:365] {'blockNumber': '10703164', 'timeStamp': '1631005959', 'hash': '0x2c47a0b312a42aef6b2aab02ef728de69c6b4087d04e0f9cde0d2f06af672f74', 'nonce': '151', 'blockHash': '0x3e3fa383c0fa96831def86a43ecb8a9293bc2031a806a9081cf76052129aa9d9', 'from': '0xae126b90d2835c5a2d720b0687ec59f59b768183', 'contractAddress': '0x0e09fabb73bd3ade0a17ecc321fd13a19e81ce82', 'to': '0xb92ab7c1edcb273aba24b0656ceb3681654805d2', 'value': '1000000000000000000000', 'tokenName': 'PancakeSwap Token', 'tokenSymbol': 'Cake', 'tokenDecimal': '18', 'transactionIndex': '81', 'gas': '181596', 'gasPrice': '5000000000', 'gasUsed': '175904', 'cumulativeGasUsed': '9902509', 'input': 'deprecated', 'confirmations': '2725'}
[18:30:11,929][INFO][6196][auction.py:368] ----------------- 0xb92ab7c1edcb273aba24b0656ceb3681654805d2 ---Cake
[18:30:11,929][INFO][6196][auction.py:372] ----------------- 0xae126b90d2835c5a2d720b0687ec59f59b768183 ---Cake -- cake 1000.000000
[18:30:11,929][INFO][6196][auction.py:365] {'blockNumber': '10703538', 'timeStamp': '1631007086', 'hash': '0x04fb7e45c4b68346660313324ae7f5b3169c4afba2938a991fc8f9cbb360bbba', 'nonce': '9', 'blockHash': '0x95697e8986f214f779687815df79e4448a445b70b6e5da4e685f61a341e33bed', 'from': '0x5ed6b80f0e8b1c7fdb783202d4a926bbed2d49ee', 'contractAddress': '0x0e09fabb73bd3ade0a17ecc321fd13a19e81ce82', 'to': '0xb92ab7c1edcb273aba24b0656ceb3681654805d2', 'value': '1010000000000000000000', 'tokenName': 'PancakeSwap Token', 'tokenSymbol': 'Cake', 'tokenDecimal': '18', 'transactionIndex': '161', 'gas': '181596', 'gasPrice': '5000000000', 'gasUsed': '175904', 'cumulativeGasUsed': '23412019', 'input': 'deprecated', 'confirmations': '2351'}
[18:30:11,929][INFO][6196][auction.py:368] ----------------- 0xb92ab7c1edcb273aba24b0656ceb3681654805d2 ---Cake
[18:30:11,930][INFO][6196][auction.py:372] ----------------- 0x5ed6b80f0e8b1c7fdb783202d4a926bbed2d49ee ---Cake -- cake 1010.000000
[18:30:11,930][INFO][6196][auction.py:365] {'blockNumber': '10703574', 'timeStamp': '1631007194', 'hash': '0xde7fb6a7e7881132b09831318bfef574dd39724616e59e8f1065b025ba1cf4e8', 'nonce': '480', 'blockHash': '0xfc43f5d81c20d7d41680ab7c02e3c996d03677aa2ef51e7eca04c596025e865e', 'from': '0xfad3b5feac1aaf86b3f66d105f2fa9607164d86b', 'contractAddress': '0x0e09fabb73bd3ade0a17ecc321fd13a19e81ce82', 'to': '0xb92ab7c1edcb273aba24b0656ceb3681654805d2', 'value': '1020000000000000000000', 'tokenName': 'PancakeSwap Token', 'tokenSymbol': 'Cake', 'tokenDecimal': '18', 'transactionIndex': '88', 'gas': '166596', 'gasPrice': '5000000000', 'gasUsed': '160904', 'cumulativeGasUsed': '16679294', 'input': 'deprecated', 'confirmations': '2315'}
[18:30:11,930][INFO][6196][auction.py:368] ----------------- 0xb92ab7c1edcb273aba24b0656ceb3681654805d2 ---Cake
[18:30:11,930][INFO][6196][auction.py:372] ----------------- 0xfad3b5feac1aaf86b3f66d105f2fa9607164d86b ---Cake -- cake 1020.000000
[18:30:11,930][INFO][6196][auction.py:365] {'blockNumber': '10704298', 'timeStamp': '1631009371', 'hash': '0x9cff86beb07d9f4db1ea9e4dac3475ceab20574aaf4c303dba6e24cbafcf8d7c', 'nonce': '489', 'blockHash': '0x70c9905f3136844f467e3381edaec15bfd0663b90de3b91512a9c40a422d3142', 'from': '0x22d56946c6cc1d4ed09f02858ddb990fcc981c55', 'contractAddress': '0x0e09fabb73bd3ade0a17ecc321fd13a19e81ce82', 'to': '0xb92ab7c1edcb273aba24b0656ceb3681654805d2', 'value': '1000000000000000000000', 'tokenName': 'PancakeSwap Token', 'tokenSymbol': 'Cake', 'tokenDecimal': '18', 'transactionIndex': '137', 'gas': '181596', 'gasPrice': '5000000000', 'gasUsed': '175904', 'cumulativeGasUsed': '18845957', 'input': 'deprecated', 'confirmations': '1591'}
[18:30:11,931][INFO][6196][auction.py:368] ----------------- 0xb92ab7c1edcb273aba24b0656ceb3681654805d2 ---Cake
[18:30:11,931][INFO][6196][auction.py:372] ----------------- 0x22d56946c6cc1d4ed09f02858ddb990fcc981c55 ---Cake -- cake 1000.000000
[18:30:11,931][INFO][6196][auction.py:365] {'blockNumber': '10704454', 'timeStamp': '1631009839', 'hash': '0x78f8dd0ac3075bee01d9e4c3e4bb1ca3c54b9da8b54edbaeee570213289a8a63', 'nonce': '496', 'blockHash': '0x2406984443008fe2dc80c8552016b7ca40de9780aa2db8fb6901931f5d541a7e', 'from': '0x22d56946c6cc1d4ed09f02858ddb990fcc981c55', 'contractAddress': '0x0e09fabb73bd3ade0a17ecc321fd13a19e81ce82', 'to': '0xb92ab7c1edcb273aba24b0656ceb3681654805d2', 'value': '100000000000000000000', 'tokenName': 'PancakeSwap Token', 'tokenSymbol': 'Cake', 'tokenDecimal': '18', 'transactionIndex': '145', 'gas': '74495', 'gasPrice': '5000000000', 'gasUsed': '68803', 'cumulativeGasUsed': '16706719', 'input': 'deprecated', 'confirmations': '1435'}
[18:30:11,931][INFO][6196][auction.py:368] ----------------- 0xb92ab7c1edcb273aba24b0656ceb3681654805d2 ---Cake
[18:30:11,931][INFO][6196][auction.py:372] ----------------- 0x22d56946c6cc1d4ed09f02858ddb990fcc981c55 ---Cake -- cake 100.000000
[18:30:11,932][INFO][6196][auction.py:365] {'blockNumber': '10704970', 'timeStamp': '1631011423', 'hash': '0x245ddcac7b8f31a9464c7c78e1bb92199455500509896b72b4c12b4a219bfd07', 'nonce': '2859', 'blockHash': '0x4b86c8203e2cbad3bade32b24053318fed392d4d4de3e68f32df40c79a2cb5c5', 'from': '0x58092273a044d6e1d23b5095ae873f6e24e906ed', 'contractAddress': '0x0e09fabb73bd3ade0a17ecc321fd13a19e81ce82', 'to': '0xb92ab7c1edcb273aba24b0656ceb3681654805d2', 'value': '1500000000000000000000', 'tokenName': 'PancakeSwap Token', 'tokenSymbol': 'Cake', 'tokenDecimal': '18', 'transactionIndex': '271', 'gas': '166596', 'gasPrice': '5000000000', 'gasUsed': '160904', 'cumulativeGasUsed': '36662181', 'input': 'deprecated', 'confirmations': '919'}
[18:30:11,932][INFO][6196][auction.py:368] ----------------- 0xb92ab7c1edcb273aba24b0656ceb3681654805d2 ---Cake
[18:30:11,932][INFO][6196][auction.py:372] ----------------- 0x58092273a044d6e1d23b5095ae873f6e24e906ed ---Cake -- cake 1500.000000
[18:30:11,932][ERROR][6196][auction.py:377] error
Traceback (most recent call last):
  File "C:\_prj\dex_bot\auction.py", line 373, in monitorAc
    mapBidResult[fromPrjAddr] = mapBidResult[fromPrjAddr] + cakeVal
KeyError: '0x58092273a044d6e1d23b5095ae873f6e24e906ed'
