[17:35:10,874][INFO][14364][TL_mon.py:202] ==============CONFIG DATA======================
[17:35:10,874][INFO][14364][TL_mon.py:203] pancake_factory_addr= 0xcA143Ce32Fe78f1f7019d7d551a6402fC5350c73
[17:35:10,874][INFO][14364][TL_mon.py:204] pancake_router_addr= 0x10ED43C718714eb63d5aA57B78B54704E256024E
[17:35:10,874][INFO][14364][TL_mon.py:205] sound_alamp= True
[17:35:10,874][INFO][14364][TL_mon.py:206] msg_notifi= True
[17:35:10,874][INFO][14364][TL_mon.py:207] notifi_delay= 1.0
[17:35:10,874][INFO][14364][TL_mon.py:208] get_price_delay= 0.5
[17:35:10,874][INFO][14364][TL_mon.py:209] ==============END CONFIG DATA======================
[17:35:15,940][INFO][14364][TL_mon.py:120] Sound Alert
[17:35:16,260][INFO][14364][TL_mon.py:93] ADDR: 0x6fF24b43eEC4C406315f594Ad6a888bc40932c37
[17:35:16,343][INFO][14364][TL_mon.py:100] Connected to BSC
[17:35:16,345][INFO][12176][TL_mon.py:334] ==========================checking APE TL
[17:35:16,346][INFO][14948][TL_mon.py:382] ==========================checking BI TL
[17:35:16,355][INFO][6268][TL_mon.py:447] swapBy1in from 0xeeeeeeeeeeeeeeeeeeeeeeeeeeeeeeeeeeeeeeee  to 0x0e09fabb73bd3ade0a17ecc321fd13a19e81ce82  with amount 0.1  slippage = 1.000000
[17:35:16,455][INFO][6268][TL_mon.py:472] https://api.1inch.exchange/v3.0/56/swap
[17:35:16,818][INFO][12176][TL_mon.py:365] getting all txs from block 10761538
[17:35:17,503][INFO][14364][TL_mon.py:139] Message Notification:Bot Monitor started
[17:35:17,507][INFO][14948][TL_mon.py:418] getting all txs from block 10761539
[17:35:18,240][ERROR][6268][TL_mon.py:468] Error signing transaction
Traceback (most recent call last):
  File "C:\_prj\dex_bot\TL_mon.py", line 458, in swapBy1in
    txnData = apiCaller(oneInSwapUrl,PARAMS, nonce) #       //call the api to get the data, and wait until it returns
  File "C:\_prj\dex_bot\TL_mon.py", line 474, in apiCaller
    temp = temp.data;                               #//we only want the data object from the api call
AttributeError: 'Response' object has no attribute 'data'
