[17:45:05,274][INFO][8820][TL_mon.py:202] ==============CONFIG DATA======================
[17:45:05,274][INFO][8820][TL_mon.py:203] pancake_factory_addr= 0xcA143Ce32Fe78f1f7019d7d551a6402fC5350c73
[17:45:05,274][INFO][8820][TL_mon.py:204] pancake_router_addr= 0x10ED43C718714eb63d5aA57B78B54704E256024E
[17:45:05,274][INFO][8820][TL_mon.py:205] sound_alamp= True
[17:45:05,274][INFO][8820][TL_mon.py:206] msg_notifi= True
[17:45:05,274][INFO][8820][TL_mon.py:207] notifi_delay= 1.0
[17:45:05,274][INFO][8820][TL_mon.py:208] get_price_delay= 0.5
[17:45:05,274][INFO][8820][TL_mon.py:209] ==============END CONFIG DATA======================
[17:45:10,346][INFO][8820][TL_mon.py:120] Sound Alert
[17:45:10,666][INFO][8820][TL_mon.py:93] ADDR: 0x7368417235b39204D4F33d87A3b527b130a9aa23
[17:45:10,746][INFO][8820][TL_mon.py:100] Connected to BSC
[17:45:10,748][INFO][14196][TL_mon.py:334] ==========================checking APE TL
[17:45:10,751][INFO][8620][TL_mon.py:382] ==========================checking BI TL
[17:45:10,765][INFO][9520][TL_mon.py:447] swapBy1in from 0xeeeeeeeeeeeeeeeeeeeeeeeeeeeeeeeeeeeeeeee  to 0x0e09fabb73bd3ade0a17ecc321fd13a19e81ce82  with amount 0.1  slippage = 1.000000
[17:45:10,977][INFO][8620][TL_mon.py:418] getting all txs from block 10761736
[17:45:11,128][INFO][9520][TL_mon.py:472] https://api.1inch.exchange/v3.0/56/swap
[17:45:11,804][INFO][9520][TL_mon.py:477] temp1 ============
[17:45:11,804][INFO][9520][TL_mon.py:478] <Response [200]>
[17:45:11,804][ERROR][9520][TL_mon.py:468] Error signing transaction
Traceback (most recent call last):
  File "C:\_prj\dex_bot\TL_mon.py", line 458, in swapBy1in
    txnData = apiCaller(oneInSwapUrl,PARAMS, nonce) #       //call the api to get the data, and wait until it returns
  File "C:\_prj\dex_bot\TL_mon.py", line 479, in apiCaller
    temp = temp.data;                               #//we only want the data object from the api call
AttributeError: 'Response' object has no attribute 'data'
[17:45:11,933][INFO][14196][TL_mon.py:365] getting all txs from block 10761737
[17:45:12,022][INFO][8820][TL_mon.py:139] Message Notification:Bot Monitor started
