[17:37:07,226][INFO][2212][TL_mon.py:202] ==============CONFIG DATA======================
[17:37:07,226][INFO][2212][TL_mon.py:203] pancake_factory_addr= 0xcA143Ce32Fe78f1f7019d7d551a6402fC5350c73
[17:37:07,227][INFO][2212][TL_mon.py:204] pancake_router_addr= 0x10ED43C718714eb63d5aA57B78B54704E256024E
[17:37:07,227][INFO][2212][TL_mon.py:205] sound_alamp= True
[17:37:07,227][INFO][2212][TL_mon.py:206] msg_notifi= True
[17:37:07,227][INFO][2212][TL_mon.py:207] notifi_delay= 1.0
[17:37:07,227][INFO][2212][TL_mon.py:208] get_price_delay= 0.5
[17:37:07,227][INFO][2212][TL_mon.py:209] ==============END CONFIG DATA======================
[17:37:12,300][INFO][2212][TL_mon.py:120] Sound Alert
[17:37:13,415][INFO][2212][TL_mon.py:93] ADDR: 0x6fF24b43eEC4C406315f594Ad6a888bc40932c37
[17:37:13,691][INFO][2212][TL_mon.py:100] Connected to BSC
[17:37:13,693][INFO][8068][TL_mon.py:334] ==========================checking APE TL
[17:37:13,695][INFO][3448][TL_mon.py:382] ==========================checking BI TL
[17:37:13,711][INFO][10700][TL_mon.py:447] swapBy1in from 0xeeeeeeeeeeeeeeeeeeeeeeeeeeeeeeeeeeeeeeee  to 0x0e09fabb73bd3ade0a17ecc321fd13a19e81ce82  with amount 0.1  slippage = 1.000000
[17:37:14,125][INFO][3448][TL_mon.py:418] getting all txs from block 10761577
[17:37:14,323][INFO][8068][TL_mon.py:365] getting all txs from block 10761577
[17:37:14,570][INFO][10700][TL_mon.py:472] https://api.1inch.exchange/v3.0/56/swap
[17:37:14,843][INFO][2212][TL_mon.py:139] Message Notification:Bot Monitor started
[17:37:23,806][INFO][10700][TL_mon.py:474] temp1 ============
[17:37:23,806][INFO][10700][TL_mon.py:475] <Response [500]>
[17:37:23,806][ERROR][10700][TL_mon.py:468] Error signing transaction
Traceback (most recent call last):
  File "C:\_prj\dex_bot\TL_mon.py", line 458, in swapBy1in
    txnData = apiCaller(oneInSwapUrl,PARAMS, nonce) #       //call the api to get the data, and wait until it returns
  File "C:\_prj\dex_bot\TL_mon.py", line 476, in apiCaller
    temp = temp.data;                               #//we only want the data object from the api call
AttributeError: 'Response' object has no attribute 'data'
