[18:16:36,109][INFO][5640][ape.py:672] ==============CONFIG DATA======================
[18:16:36,109][INFO][5640][ape.py:673] pancake_factory_addr= 0xcA143Ce32Fe78f1f7019d7d551a6402fC5350c73
[18:16:36,109][INFO][5640][ape.py:674] pancake_router_addr= 0x10ED43C718714eb63d5aA57B78B54704E256024E
[18:16:36,109][INFO][5640][ape.py:675] sound_alamp= True
[18:16:36,109][INFO][5640][ape.py:676] msg_notifi= True
[18:16:36,109][INFO][5640][ape.py:677] notifi_delay= 1.0
[18:16:36,109][INFO][5640][ape.py:678] get_price_delay= 0.5
[18:16:36,109][INFO][5640][ape.py:679] ==============END CONFIG DATA======================
[18:16:36,110][INFO][5640][ape.py:705] Telegram bot connected
[18:16:41,198][INFO][5640][ape.py:280] Sound Alert
[18:16:42,320][INFO][5640][ape.py:209] Connected to BSC
[18:16:42,320][INFO][5640][ape.py:210] Wallet Address: 0x7368417235b39204D4F33d87A3b527b130a9aa23
[18:16:42,329][INFO][5640][ape.py:756] Slippage Tolerance: 2.000. Flexible Slippage: False. Amount In: 1000.000. Gas Price: 8000000000. Gas: 230000. Time limit: 600
[18:16:42,329][INFO][5640][ape.py:776] Token list: 0x308bfaeAaC8BDab6e9Fc5Ead8EdCb5f95b0599d9 0xbb4CdB9CBd36B01bD1cBaEBF2De08d9173bc095c
[18:16:42,332][INFO][5640][ape.py:756] Slippage Tolerance: 2.000. Flexible Slippage: False. Amount In: 100000.000. Gas Price: 8000000000. Gas: 230000. Time limit: 600
[18:16:42,332][INFO][5640][ape.py:776] Token list: 0xcaF5191fc480F43e4DF80106c7695ECA56E48B18 0xbb4CdB9CBd36B01bD1cBaEBF2De08d9173bc095c
[18:16:42,335][INFO][5640][ape.py:756] Slippage Tolerance: 2.000. Flexible Slippage: False. Amount In: 1000.000. Gas Price: 8000000000. Gas: 230000. Time limit: 600
[18:16:42,336][INFO][5640][ape.py:776] Token list: 0x1FFD0b47127fdd4097E54521C9E2c7f0D66AafC5 0xbb4CdB9CBd36B01bD1cBaEBF2De08d9173bc095c
[18:16:43,137][INFO][9160][ape.py:448] Started checking price:TXL/WBNB
[18:16:43,430][INFO][5640][ape.py:295] Message Notification:Bot started
[18:16:43,734][INFO][13988][ape.py:448] Started checking price:DEP/WBNB
[18:16:45,222][INFO][13988][ape.py:496] Block: 10847922, DEP/WBNB Price:  0.000023
[18:16:46,014][INFO][9160][ape.py:496] Block: 10847922, TXL/WBNB Price:  0.000832
[18:16:46,869][INFO][9160][ape.py:496] Block: 10847923, TXL/WBNB Price:  0.000832
[18:16:47,275][INFO][13988][ape.py:496] Block: 10847923, DEP/WBNB Price:  0.000023
[18:16:50,325][INFO][9160][ape.py:496] Block: 10847924, TXL/WBNB Price:  0.000832
[18:16:50,919][INFO][13988][ape.py:496] Block: 10847924, DEP/WBNB Price:  0.000023
[18:16:53,262][INFO][13988][ape.py:496] Block: 10847925, DEP/WBNB Price:  0.000023
[18:16:53,335][INFO][9160][ape.py:496] Block: 10847925, TXL/WBNB Price:  0.000832
[18:16:55,996][INFO][13988][ape.py:496] Block: 10847926, DEP/WBNB Price:  0.000023
[18:16:56,468][INFO][9160][ape.py:496] Block: 10847926, TXL/WBNB Price:  0.000832
[18:16:59,413][INFO][13988][ape.py:496] Block: 10847927, DEP/WBNB Price:  0.000023
[18:16:59,468][INFO][9160][ape.py:496] Block: 10847927, TXL/WBNB Price:  0.000832
[18:17:03,276][INFO][9160][ape.py:496] Block: 10847928, TXL/WBNB Price:  0.000832
[18:17:03,367][INFO][13988][ape.py:496] Block: 10847928, DEP/WBNB Price:  0.000023
[18:17:05,221][INFO][9160][ape.py:496] Block: 10847929, TXL/WBNB Price:  0.000832
[18:17:05,467][INFO][13988][ape.py:496] Block: 10847929, DEP/WBNB Price:  0.000023
[18:17:08,181][INFO][13988][ape.py:496] Block: 10847930, DEP/WBNB Price:  0.000023
[18:17:08,366][INFO][9160][ape.py:496] Block: 10847930, TXL/WBNB Price:  0.000832
[18:17:11,071][INFO][9160][ape.py:496] Block: 10847931, TXL/WBNB Price:  0.000832
[18:17:11,280][INFO][13988][ape.py:496] Block: 10847931, DEP/WBNB Price:  0.000023
[18:17:14,001][INFO][13988][ape.py:496] Block: 10847932, DEP/WBNB Price:  0.000023
[18:17:14,190][INFO][9160][ape.py:496] Block: 10847932, TXL/WBNB Price:  0.000832
[18:17:17,099][INFO][13988][ape.py:496] Block: 10847933, DEP/WBNB Price:  0.000023
[18:17:18,084][INFO][9160][ape.py:496] Block: 10847933, TXL/WBNB Price:  0.000832
[18:17:20,736][INFO][13988][ape.py:496] Block: 10847934, DEP/WBNB Price:  0.000023
[18:17:21,201][INFO][9160][ape.py:496] Block: 10847934, TXL/WBNB Price:  0.000832
[18:17:22,482][INFO][9160][ape.py:496] Block: 10847935, TXL/WBNB Price:  0.000832
[18:17:22,933][INFO][13988][ape.py:496] Block: 10847935, DEP/WBNB Price:  0.000023
[18:17:25,899][INFO][9160][ape.py:496] Block: 10847936, TXL/WBNB Price:  0.000832
[18:17:26,124][INFO][13988][ape.py:496] Block: 10847936, DEP/WBNB Price:  0.000023
[18:17:26,986][INFO][4016][ape.py:604] Key Q pressed - Exit
[18:17:27,314][INFO][9160][ape.py:558] Exit loop:2:TXL/WBNB
[18:17:27,542][INFO][13988][ape.py:558] Exit loop:1:DEP/WBNB
[18:17:27,729][INFO][5640][ape.py:806] Program Exit
