[19:00:57,404][INFO][14688][ape.py:634] ==============CONFIG DATA======================
[19:00:57,404][INFO][14688][ape.py:635] pancake_factory_addr= 0x0841BD0B734E4F5853f0dD8d7Ea041c241fb0Da6
[19:00:57,404][INFO][14688][ape.py:636] pancake_router_addr= 0xcF0feBd3f17CEf5b47b0cD257aCf6025c5BFf3b7
[19:00:57,404][INFO][14688][ape.py:637] sound_alamp= True
[19:00:57,404][INFO][14688][ape.py:638] msg_notifi= True
[19:00:57,404][INFO][14688][ape.py:639] notifi_delay= 1.0
[19:00:57,404][INFO][14688][ape.py:640] get_price_delay= 2.0
[19:00:57,404][INFO][14688][ape.py:641] ==============END CONFIG DATA======================
[19:00:57,405][INFO][14688][ape.py:667] Telegram bot connected
[19:01:02,478][INFO][14688][ape.py:280] Sound Alert
[19:01:03,855][INFO][14688][ape.py:209] Connected to BSC
[19:01:03,855][INFO][14688][ape.py:210] Wallet Address: 0x7368417235b39204D4F33d87A3b527b130a9aa23
[19:01:03,859][INFO][14688][ape.py:718] Slippage Tolerance: 1.000. Flexible Slippage: False. Amount In: 20.000. Gas Price: 8000000000. Gas: 230000. Time limit: 600
[19:01:03,859][INFO][14688][ape.py:738] Token list: 0x1FFD0b47127fdd4097E54521C9E2c7f0D66AafC5 0xbb4CdB9CBd36B01bD1cBaEBF2De08d9173bc095c
[19:01:04,961][INFO][14688][ape.py:295] Message Notification:Bot started
[19:01:05,558][INFO][13692][ape.py:410] Started checking price:TXL/WBNB
[19:01:08,148][ERROR][13692][ape.py:436] Block changed fast: from 10848808 to 10848810 >> clear the price_queue
[19:01:13,604][INFO][13692][ape.py:458] Block: 10848811, TXL/WBNB Price:  0.000809
[19:01:13,604][INFO][13692][ape.py:462] TXL/WBNB =  0.000809. Rise Up To  0.000800
[19:01:13,604][INFO][13692][ape.py:316] Token list: 0x1FFD0b47127fdd4097E54521C9E2c7f0D66AafC5 0xbb4CdB9CBd36B01bD1cBaEBF2De08d9173bc095c
[19:01:13,604][INFO][13692][ape.py:317] Price: 0.000809
[19:01:13,890][INFO][13692][ape.py:324] currBal: 49327739152126590439
[19:01:13,890][INFO][13692][dexlib.py:22] Swap by 1 inch: from: 0x1FFD0b47127fdd4097E54521C9E2c7f0D66AafC5, to: 0xeeeeeeeeeeeeeeeeeeeeeeeeeeeeeeeeeeeeeeee, amount: 20.000000, slip: 1.000000
[19:01:15,673][INFO][13692][dexlib.py:36] Swap done: {'isOK': False, 'data': 0}
[19:01:15,673][ERROR][13692][ape.py:350] ===================ERROR
Traceback (most recent call last):
  File "c:\_prj\dex_bot\ape.py", line 343, in Swap
    url = "https://bscscan.com/tx/" + str(txn['data']['hash'])
TypeError: 'int' object is not subscriptable
[19:01:23,809][INFO][13692][ape.py:280] Sound Alert
[19:01:23,809][INFO][13692][ape.py:520] Exit loop:0:TXL/WBNB
[19:01:24,696][INFO][14688][ape.py:295] Message Notification:TXL/WBNB: 0.0008094451040526528
[19:01:31,774][INFO][12728][ape.py:566] Key Q pressed - Exit
[19:01:32,765][INFO][14688][ape.py:768] Program Exit
