[18:20:21,891][INFO][4888][ape.py:672] ==============CONFIG DATA======================
[18:20:21,891][INFO][4888][ape.py:673] pancake_factory_addr= 0x0841BD0B734E4F5853f0dD8d7Ea041c241fb0Da6
[18:20:21,891][INFO][4888][ape.py:674] pancake_router_addr= 0xcF0feBd3f17CEf5b47b0cD257aCf6025c5BFf3b7
[18:20:21,891][INFO][4888][ape.py:675] sound_alamp= True
[18:20:21,891][INFO][4888][ape.py:676] msg_notifi= True
[18:20:21,892][INFO][4888][ape.py:677] notifi_delay= 1.0
[18:20:21,892][INFO][4888][ape.py:678] get_price_delay= 2.0
[18:20:21,892][INFO][4888][ape.py:679] ==============END CONFIG DATA======================
[18:20:21,893][INFO][4888][ape.py:705] Telegram bot connected
[18:20:26,968][INFO][4888][ape.py:280] Sound Alert
[18:20:28,100][INFO][4888][ape.py:209] Connected to BSC
[18:20:28,101][INFO][4888][ape.py:210] Wallet Address: 0x7368417235b39204D4F33d87A3b527b130a9aa23
[18:20:28,104][INFO][4888][ape.py:756] Slippage Tolerance: 2.000. Flexible Slippage: False. Amount In: 1000.000. Gas Price: 8000000000. Gas: 230000. Time limit: 600
[18:20:28,104][INFO][4888][ape.py:776] Token list: 0x308bfaeAaC8BDab6e9Fc5Ead8EdCb5f95b0599d9 0xbb4CdB9CBd36B01bD1cBaEBF2De08d9173bc095c
[18:20:28,112][INFO][4888][ape.py:756] Slippage Tolerance: 2.000. Flexible Slippage: False. Amount In: 100000.000. Gas Price: 8000000000. Gas: 230000. Time limit: 600
[18:20:28,112][INFO][4888][ape.py:776] Token list: 0xcaF5191fc480F43e4DF80106c7695ECA56E48B18 0xbb4CdB9CBd36B01bD1cBaEBF2De08d9173bc095c
[18:20:28,114][INFO][4888][ape.py:756] Slippage Tolerance: 2.000. Flexible Slippage: False. Amount In: 1000.000. Gas Price: 8000000000. Gas: 230000. Time limit: 600
[18:20:28,114][INFO][4888][ape.py:776] Token list: 0x1FFD0b47127fdd4097E54521C9E2c7f0D66AafC5 0xbb4CdB9CBd36B01bD1cBaEBF2De08d9173bc095c
[18:20:28,878][INFO][10384][ape.py:448] Started checking price:DEP/WBNB
[18:20:29,176][INFO][4888][ape.py:295] Message Notification:Bot started
[18:20:29,513][INFO][14212][ape.py:448] Started checking price:ONG/WBNB
[18:20:30,114][INFO][4528][ape.py:448] Started checking price:TXL/WBNB
[18:20:32,471][ERROR][4528][ape.py:474] Block changed fast: from 10847996 to 10847998 >> clear the price_queue
[18:20:32,927][INFO][14212][ape.py:496] Block: 10847997, ONG/WBNB Price:  0.002626
[18:20:33,178][INFO][10384][ape.py:496] Block: 10847997, DEP/WBNB Price:  0.000022
[18:20:35,196][INFO][4528][ape.py:496] Block: 10847999, TXL/WBNB Price:  0.000809
[18:20:35,232][INFO][14212][ape.py:496] Block: 10847998, ONG/WBNB Price:  0.002626
[18:20:35,603][INFO][10384][ape.py:496] Block: 10847998, DEP/WBNB Price:  0.000022
[18:20:37,513][INFO][4528][ape.py:496] Block: 10848000, TXL/WBNB Price:  0.000809
[18:20:37,592][ERROR][14212][ape.py:474] Block changed fast: from 10847998 to 10848000 >> clear the price_queue
[18:20:37,816][ERROR][10384][ape.py:474] Block changed fast: from 10847998 to 10848000 >> clear the price_queue
[18:20:42,345][INFO][4528][ape.py:496] Block: 10848001, TXL/WBNB Price:  0.000809
[18:20:42,485][INFO][10384][ape.py:496] Block: 10848001, DEP/WBNB Price:  0.000022
[18:20:42,804][INFO][14212][ape.py:496] Block: 10848001, ONG/WBNB Price:  0.002626
[18:20:45,055][INFO][4528][ape.py:496] Block: 10848002, TXL/WBNB Price:  0.000809
[18:20:45,105][INFO][14212][ape.py:496] Block: 10848002, ONG/WBNB Price:  0.002626
[18:20:45,194][INFO][10384][ape.py:496] Block: 10848002, DEP/WBNB Price:  0.000022
[18:20:47,493][INFO][4528][ape.py:496] Block: 10848003, TXL/WBNB Price:  0.000809
[18:20:47,545][INFO][14212][ape.py:496] Block: 10848003, ONG/WBNB Price:  0.002626
[18:20:47,885][INFO][10384][ape.py:496] Block: 10848003, DEP/WBNB Price:  0.000022
[18:20:50,166][INFO][10384][ape.py:496] Block: 10848004, DEP/WBNB Price:  0.000022
[18:20:50,238][INFO][4528][ape.py:496] Block: 10848004, TXL/WBNB Price:  0.000809
[18:20:50,266][INFO][14212][ape.py:496] Block: 10848004, ONG/WBNB Price:  0.002626
[18:20:52,916][INFO][10384][ape.py:496] Block: 10848005, DEP/WBNB Price:  0.000022
[18:20:52,961][INFO][4528][ape.py:496] Block: 10848005, TXL/WBNB Price:  0.000809
[18:20:55,216][INFO][14212][ape.py:496] Block: 10848005, ONG/WBNB Price:  0.002626
[18:20:57,718][INFO][10384][ape.py:496] Block: 10848006, DEP/WBNB Price:  0.000022
[18:20:57,923][INFO][4528][ape.py:496] Block: 10848006, TXL/WBNB Price:  0.000809
[18:20:57,931][INFO][14212][ape.py:496] Block: 10848006, ONG/WBNB Price:  0.002626
[18:21:00,228][INFO][14212][ape.py:496] Block: 10848007, ONG/WBNB Price:  0.002626
[18:21:00,426][INFO][10384][ape.py:496] Block: 10848007, DEP/WBNB Price:  0.000022
[18:21:00,645][INFO][4528][ape.py:496] Block: 10848007, TXL/WBNB Price:  0.000809
[18:21:02,937][INFO][14212][ape.py:496] Block: 10848008, ONG/WBNB Price:  0.002626
[18:21:02,956][INFO][4528][ape.py:496] Block: 10848008, TXL/WBNB Price:  0.000809
[18:21:03,160][INFO][10384][ape.py:496] Block: 10848008, DEP/WBNB Price:  0.000022
[18:21:05,254][INFO][4528][ape.py:496] Block: 10848009, TXL/WBNB Price:  0.000809
[18:21:05,650][INFO][14212][ape.py:496] Block: 10848009, ONG/WBNB Price:  0.002626
[18:21:05,876][INFO][10384][ape.py:496] Block: 10848009, DEP/WBNB Price:  0.000022
[18:21:08,345][INFO][14212][ape.py:496] Block: 10848010, ONG/WBNB Price:  0.002626
[18:21:08,582][INFO][10384][ape.py:496] Block: 10848010, DEP/WBNB Price:  0.000022
[18:21:10,449][INFO][4528][ape.py:496] Block: 10848010, TXL/WBNB Price:  0.000809
[18:21:11,337][INFO][10384][ape.py:496] Block: 10848011, DEP/WBNB Price:  0.000022
[18:21:13,158][INFO][4528][ape.py:496] Block: 10848011, TXL/WBNB Price:  0.000809
[18:21:13,545][INFO][14212][ape.py:496] Block: 10848011, ONG/WBNB Price:  0.002626
[18:21:15,874][INFO][4528][ape.py:496] Block: 10848012, TXL/WBNB Price:  0.000809
[18:21:16,138][INFO][14212][ape.py:496] Block: 10848012, ONG/WBNB Price:  0.002626
[18:21:16,275][INFO][10384][ape.py:496] Block: 10848012, DEP/WBNB Price:  0.000022
[18:21:18,584][INFO][14212][ape.py:496] Block: 10848013, ONG/WBNB Price:  0.002626
[18:21:18,609][INFO][10384][ape.py:496] Block: 10848013, DEP/WBNB Price:  0.000022
[18:21:18,612][INFO][4528][ape.py:496] Block: 10848013, TXL/WBNB Price:  0.000809
[18:21:21,043][INFO][14212][ape.py:496] Block: 10848014, ONG/WBNB Price:  0.002626
[18:21:21,093][INFO][4528][ape.py:496] Block: 10848014, TXL/WBNB Price:  0.000809
[18:21:21,372][INFO][10384][ape.py:496] Block: 10848014, DEP/WBNB Price:  0.000022
[18:21:23,609][INFO][14212][ape.py:496] Block: 10848015, ONG/WBNB Price:  0.002626
[18:21:23,797][INFO][4528][ape.py:496] Block: 10848015, TXL/WBNB Price:  0.000809
[18:21:23,980][INFO][10384][ape.py:496] Block: 10848015, DEP/WBNB Price:  0.000022
[18:21:26,266][INFO][10384][ape.py:496] Block: 10848016, DEP/WBNB Price:  0.000022
[18:21:26,299][INFO][14212][ape.py:496] Block: 10848016, ONG/WBNB Price:  0.002626
[18:21:26,512][INFO][4528][ape.py:496] Block: 10848016, TXL/WBNB Price:  0.000809
[18:21:31,172][INFO][10384][ape.py:496] Block: 10848017, DEP/WBNB Price:  0.000022
[18:21:31,217][INFO][14212][ape.py:496] Block: 10848017, ONG/WBNB Price:  0.002626
[18:21:31,438][INFO][4528][ape.py:496] Block: 10848017, TXL/WBNB Price:  0.000809
[18:21:33,741][INFO][4528][ape.py:496] Block: 10848018, TXL/WBNB Price:  0.000809
[18:21:33,887][INFO][10384][ape.py:496] Block: 10848018, DEP/WBNB Price:  0.000022
[18:21:33,915][INFO][14212][ape.py:496] Block: 10848018, ONG/WBNB Price:  0.002626
[18:21:36,211][INFO][14212][ape.py:496] Block: 10848019, ONG/WBNB Price:  0.002626
[18:21:36,423][INFO][4528][ape.py:496] Block: 10848019, TXL/WBNB Price:  0.000809
[18:21:36,611][INFO][10384][ape.py:496] Block: 10848019, DEP/WBNB Price:  0.000022
[18:21:38,878][INFO][10384][ape.py:496] Block: 10848020, DEP/WBNB Price:  0.000022
[18:21:38,913][INFO][14212][ape.py:496] Block: 10848020, ONG/WBNB Price:  0.002626
[18:21:39,106][INFO][4528][ape.py:496] Block: 10848020, TXL/WBNB Price:  0.000809
[18:21:41,397][INFO][4528][ape.py:496] Block: 10848021, TXL/WBNB Price:  0.000809
[18:21:41,569][INFO][10384][ape.py:496] Block: 10848021, DEP/WBNB Price:  0.000022
[18:21:41,634][INFO][14212][ape.py:496] Block: 10848021, ONG/WBNB Price:  0.002626
[18:21:43,967][INFO][14212][ape.py:496] Block: 10848022, ONG/WBNB Price:  0.002626
[18:21:44,114][INFO][4528][ape.py:496] Block: 10848022, TXL/WBNB Price:  0.000809
[18:21:44,288][INFO][10384][ape.py:496] Block: 10848022, DEP/WBNB Price:  0.000022
[18:21:46,586][INFO][10384][ape.py:496] Block: 10848023, DEP/WBNB Price:  0.000022
[18:21:48,897][INFO][4528][ape.py:496] Block: 10848023, TXL/WBNB Price:  0.000809
[18:21:49,182][INFO][14212][ape.py:496] Block: 10848023, ONG/WBNB Price:  0.002626
[18:21:51,514][INFO][14212][ape.py:496] Block: 10848024, ONG/WBNB Price:  0.002626
[18:21:51,659][INFO][4528][ape.py:496] Block: 10848024, TXL/WBNB Price:  0.000809
[18:21:51,822][INFO][10384][ape.py:496] Block: 10848024, DEP/WBNB Price:  0.000022
[18:21:54,122][INFO][10384][ape.py:496] Block: 10848025, DEP/WBNB Price:  0.000022
[18:21:54,222][INFO][14212][ape.py:496] Block: 10848025, ONG/WBNB Price:  0.002626
[18:21:54,367][INFO][4528][ape.py:496] Block: 10848025, TXL/WBNB Price:  0.000809
[18:21:56,688][INFO][4528][ape.py:496] Block: 10848026, TXL/WBNB Price:  0.000809
[18:21:56,857][INFO][10384][ape.py:496] Block: 10848026, DEP/WBNB Price:  0.000022
[18:21:56,930][INFO][14212][ape.py:496] Block: 10848026, ONG/WBNB Price:  0.002626
[18:21:59,259][INFO][14212][ape.py:496] Block: 10848027, ONG/WBNB Price:  0.002626
[18:21:59,406][INFO][4528][ape.py:496] Block: 10848027, TXL/WBNB Price:  0.000809
[18:21:59,617][INFO][10384][ape.py:496] Block: 10848027, DEP/WBNB Price:  0.000022
[18:22:01,831][INFO][4528][ape.py:496] Block: 10848028, TXL/WBNB Price:  0.000809
[18:22:01,965][INFO][14212][ape.py:496] Block: 10848028, ONG/WBNB Price:  0.002626
[18:22:02,324][INFO][10384][ape.py:496] Block: 10848028, DEP/WBNB Price:  0.000022
[18:22:07,030][INFO][4528][ape.py:496] Block: 10848029, TXL/WBNB Price:  0.000809
[18:22:07,107][INFO][10384][ape.py:496] Block: 10848029, DEP/WBNB Price:  0.000022
[18:22:07,172][INFO][14212][ape.py:496] Block: 10848029, ONG/WBNB Price:  0.002626
[18:22:09,408][INFO][10384][ape.py:496] Block: 10848030, DEP/WBNB Price:  0.000022
[18:22:09,725][INFO][4528][ape.py:496] Block: 10848030, TXL/WBNB Price:  0.000809
[18:22:09,873][INFO][14212][ape.py:496] Block: 10848030, ONG/WBNB Price:  0.002626
[18:22:12,110][INFO][10384][ape.py:496] Block: 10848031, DEP/WBNB Price:  0.000022
[18:22:12,174][INFO][14212][ape.py:496] Block: 10848031, ONG/WBNB Price:  0.002626
[18:22:12,425][INFO][4528][ape.py:496] Block: 10848031, TXL/WBNB Price:  0.000809
[18:22:14,549][INFO][10384][ape.py:496] Block: 10848032, DEP/WBNB Price:  0.000022
[18:22:14,607][INFO][14212][ape.py:496] Block: 10848032, ONG/WBNB Price:  0.002626
[18:22:15,129][INFO][4528][ape.py:496] Block: 10848032, TXL/WBNB Price:  0.000809
[18:22:17,272][INFO][10384][ape.py:496] Block: 10848033, DEP/WBNB Price:  0.000022
[18:22:17,325][INFO][14212][ape.py:496] Block: 10848033, ONG/WBNB Price:  0.002626
[18:22:17,426][INFO][4528][ape.py:496] Block: 10848033, TXL/WBNB Price:  0.000809
[18:22:19,586][INFO][10384][ape.py:496] Block: 10848034, DEP/WBNB Price:  0.000022
[18:22:22,207][INFO][4528][ape.py:496] Block: 10848034, TXL/WBNB Price:  0.000809
[18:22:22,301][ERROR][14212][ape.py:474] Block changed fast: from 10848033 to 10848035 >> clear the price_queue
[18:22:24,535][INFO][4528][ape.py:496] Block: 10848035, TXL/WBNB Price:  0.000809
[18:22:24,784][INFO][10384][ape.py:496] Block: 10848035, DEP/WBNB Price:  0.000022
[18:22:27,100][INFO][10384][ape.py:496] Block: 10848036, DEP/WBNB Price:  0.000022
[18:22:27,246][INFO][4528][ape.py:496] Block: 10848036, TXL/WBNB Price:  0.000809
[18:22:27,492][INFO][14212][ape.py:496] Block: 10848036, ONG/WBNB Price:  0.002626
[18:22:29,802][INFO][14212][ape.py:496] Block: 10848037, ONG/WBNB Price:  0.002626
[18:22:29,807][INFO][10384][ape.py:496] Block: 10848037, DEP/WBNB Price:  0.000022
[18:22:29,963][INFO][4528][ape.py:496] Block: 10848037, TXL/WBNB Price:  0.000809
[18:22:32,284][INFO][4528][ape.py:496] Block: 10848038, TXL/WBNB Price:  0.000809
[18:22:32,528][INFO][14212][ape.py:496] Block: 10848038, ONG/WBNB Price:  0.002626
[18:22:32,547][INFO][10384][ape.py:496] Block: 10848038, DEP/WBNB Price:  0.000022
[18:22:34,977][INFO][14212][ape.py:496] Block: 10848039, ONG/WBNB Price:  0.002626
[18:22:35,020][INFO][4528][ape.py:496] Block: 10848039, TXL/WBNB Price:  0.000809
[18:22:35,027][INFO][10384][ape.py:496] Block: 10848039, DEP/WBNB Price:  0.000022
[18:22:37,705][INFO][14212][ape.py:496] Block: 10848040, ONG/WBNB Price:  0.002626
[18:22:37,726][INFO][4528][ape.py:496] Block: 10848040, TXL/WBNB Price:  0.000809
[18:22:39,941][INFO][10384][ape.py:496] Block: 10848040, DEP/WBNB Price:  0.000022
[18:22:42,523][INFO][14212][ape.py:496] Block: 10848041, ONG/WBNB Price:  0.002626
[18:22:42,671][INFO][10384][ape.py:496] Block: 10848041, DEP/WBNB Price:  0.000022
[18:22:42,675][INFO][4528][ape.py:496] Block: 10848041, TXL/WBNB Price:  0.000809
[18:22:45,041][INFO][10384][ape.py:496] Block: 10848042, DEP/WBNB Price:  0.000022
[18:22:45,131][INFO][14212][ape.py:496] Block: 10848042, ONG/WBNB Price:  0.002626
[18:22:45,416][INFO][4528][ape.py:496] Block: 10848042, TXL/WBNB Price:  0.000809
[18:22:47,418][INFO][14212][ape.py:496] Block: 10848043, ONG/WBNB Price:  0.002626
[18:22:47,733][INFO][4528][ape.py:496] Block: 10848043, TXL/WBNB Price:  0.000809
[18:22:47,747][INFO][10384][ape.py:496] Block: 10848043, DEP/WBNB Price:  0.000022
[18:22:50,013][INFO][4528][ape.py:496] Block: 10848044, TXL/WBNB Price:  0.000809
[18:22:50,191][INFO][10384][ape.py:496] Block: 10848044, DEP/WBNB Price:  0.000022
[18:22:52,192][INFO][14212][ape.py:496] Block: 10848044, ONG/WBNB Price:  0.002626
[18:22:52,755][INFO][4528][ape.py:496] Block: 10848045, TXL/WBNB Price:  0.000809
[18:22:54,683][INFO][10384][ape.py:496] Block: 10848045, DEP/WBNB Price:  0.000022
[18:22:54,928][INFO][14212][ape.py:496] Block: 10848045, ONG/WBNB Price:  0.002626
[18:22:56,994][INFO][10384][ape.py:496] Block: 10848046, DEP/WBNB Price:  0.000022
[18:22:57,258][INFO][4528][ape.py:496] Block: 10848046, TXL/WBNB Price:  0.000809
[18:22:57,652][INFO][14212][ape.py:496] Block: 10848046, ONG/WBNB Price:  0.002626
[18:22:59,575][INFO][4528][ape.py:496] Block: 10848047, TXL/WBNB Price:  0.000809
[18:22:59,974][INFO][14212][ape.py:496] Block: 10848047, ONG/WBNB Price:  0.002626
[18:23:01,774][INFO][10384][ape.py:496] Block: 10848047, DEP/WBNB Price:  0.000022
[18:23:02,294][INFO][4528][ape.py:496] Block: 10848048, TXL/WBNB Price:  0.000809
[18:23:02,313][INFO][14212][ape.py:496] Block: 10848048, ONG/WBNB Price:  0.002626
[18:23:04,062][INFO][10384][ape.py:496] Block: 10848048, DEP/WBNB Price:  0.000022
[18:23:04,623][INFO][4528][ape.py:496] Block: 10848049, TXL/WBNB Price:  0.000809
[18:23:06,796][INFO][10384][ape.py:496] Block: 10848049, DEP/WBNB Price:  0.000022
[18:23:07,126][INFO][14212][ape.py:496] Block: 10848049, ONG/WBNB Price:  0.002626
[18:23:09,097][INFO][10384][ape.py:496] Block: 10848050, DEP/WBNB Price:  0.000022
[18:23:09,437][INFO][4528][ape.py:496] Block: 10848050, TXL/WBNB Price:  0.000809
[18:23:09,579][INFO][14212][ape.py:496] Block: 10848050, ONG/WBNB Price:  0.002626
[18:23:11,748][INFO][4528][ape.py:496] Block: 10848051, TXL/WBNB Price:  0.000809
[18:23:11,809][INFO][10384][ape.py:496] Block: 10848051, DEP/WBNB Price:  0.000022
[18:23:12,276][INFO][14212][ape.py:496] Block: 10848051, ONG/WBNB Price:  0.002626
[18:23:14,457][INFO][4528][ape.py:496] Block: 10848052, TXL/WBNB Price:  0.000809
[18:23:14,509][INFO][10384][ape.py:496] Block: 10848052, DEP/WBNB Price:  0.000022
[18:23:14,595][INFO][14212][ape.py:496] Block: 10848052, ONG/WBNB Price:  0.002626
[18:23:17,251][INFO][10384][ape.py:496] Block: 10848053, DEP/WBNB Price:  0.000022
[18:23:17,294][INFO][14212][ape.py:496] Block: 10848053, ONG/WBNB Price:  0.002626
[18:23:19,370][INFO][4528][ape.py:496] Block: 10848053, TXL/WBNB Price:  0.000809
[18:23:21,788][INFO][14212][ape.py:496] Block: 10848054, ONG/WBNB Price:  0.002626
[18:23:22,067][INFO][10384][ape.py:496] Block: 10848054, DEP/WBNB Price:  0.000022
[18:23:22,106][INFO][4528][ape.py:496] Block: 10848054, TXL/WBNB Price:  0.000809
[18:23:24,338][INFO][10384][ape.py:496] Block: 10848055, DEP/WBNB Price:  0.000022
[18:23:24,478][INFO][14212][ape.py:496] Block: 10848055, ONG/WBNB Price:  0.002626
[18:23:24,796][INFO][4528][ape.py:496] Block: 10848055, TXL/WBNB Price:  0.000809
[18:23:27,055][INFO][10384][ape.py:496] Block: 10848056, DEP/WBNB Price:  0.000022
[18:23:27,092][INFO][4528][ape.py:496] Block: 10848056, TXL/WBNB Price:  0.000809
[18:23:27,191][INFO][14212][ape.py:496] Block: 10848056, ONG/WBNB Price:  0.002626
[18:23:29,750][INFO][10384][ape.py:496] Block: 10848057, DEP/WBNB Price:  0.000022
[18:23:29,884][INFO][14212][ape.py:496] Block: 10848057, ONG/WBNB Price:  0.002626
[18:23:32,020][INFO][4528][ape.py:496] Block: 10848057, TXL/WBNB Price:  0.000809
[18:23:32,483][INFO][14212][ape.py:496] Block: 10848058, ONG/WBNB Price:  0.002626
[18:23:32,486][INFO][10384][ape.py:496] Block: 10848058, DEP/WBNB Price:  0.000022
[18:23:34,745][INFO][4528][ape.py:496] Block: 10848058, TXL/WBNB Price:  0.000809
[18:23:34,824][INFO][10384][ape.py:496] Block: 10848059, DEP/WBNB Price:  0.000022
[18:23:35,112][INFO][8172][ape.py:604] Key Q pressed - Exit
[18:23:35,206][INFO][14212][ape.py:496] Block: 10848059, ONG/WBNB Price:  0.002626
[18:23:35,206][INFO][14212][ape.py:558] Exit loop:0:ONG/WBNB
[18:23:35,416][INFO][10384][ape.py:558] Exit loop:1:DEP/WBNB
[18:23:35,692][INFO][4528][ape.py:496] Block: 10848059, TXL/WBNB Price:  0.000809
[18:23:35,692][INFO][4528][ape.py:558] Exit loop:2:TXL/WBNB
[18:23:35,693][INFO][4888][ape.py:806] Program Exit
